Archive member included to satisfy reference by file (symbol)

/opt/arm-none-eabi/bin/../lib/gcc/arm-none-eabi/12.2.1/../../../../arm-none-eabi/lib/thumb/v7e-m/nofp/libc_nano.a(libc_a-atexit.o)
                              /opt/arm-none-eabi/bin/../lib/gcc/arm-none-eabi/12.2.1/../../../../arm-none-eabi/lib/thumb/v7e-m/nofp/crt0.o (atexit)
/opt/arm-none-eabi/bin/../lib/gcc/arm-none-eabi/12.2.1/../../../../arm-none-eabi/lib/thumb/v7e-m/nofp/libc_nano.a(libc_a-exit.o)
                              /opt/arm-none-eabi/bin/../lib/gcc/arm-none-eabi/12.2.1/../../../../arm-none-eabi/lib/thumb/v7e-m/nofp/crt0.o (exit)
/opt/arm-none-eabi/bin/../lib/gcc/arm-none-eabi/12.2.1/../../../../arm-none-eabi/lib/thumb/v7e-m/nofp/libc_nano.a(libc_a-nano-vfprintf_float.o)
                              (_printf_float)
/opt/arm-none-eabi/bin/../lib/gcc/arm-none-eabi/12.2.1/../../../../arm-none-eabi/lib/thumb/v7e-m/nofp/libc_nano.a(libc_a-nano-vfprintf_i.o)
                              /opt/arm-none-eabi/bin/../lib/gcc/arm-none-eabi/12.2.1/../../../../arm-none-eabi/lib/thumb/v7e-m/nofp/libc_nano.a(libc_a-nano-vfprintf_float.o) (_printf_common)
/opt/arm-none-eabi/bin/../lib/gcc/arm-none-eabi/12.2.1/../../../../arm-none-eabi/lib/thumb/v7e-m/nofp/libc_nano.a(libc_a-findfp.o)
                              /opt/arm-none-eabi/bin/../lib/gcc/arm-none-eabi/12.2.1/../../../../arm-none-eabi/lib/thumb/v7e-m/nofp/libc_nano.a(libc_a-exit.o) (__stdio_exit_handler)
/opt/arm-none-eabi/bin/../lib/gcc/arm-none-eabi/12.2.1/../../../../arm-none-eabi/lib/thumb/v7e-m/nofp/libc_nano.a(libc_a-fwalk.o)
                              /opt/arm-none-eabi/bin/../lib/gcc/arm-none-eabi/12.2.1/../../../../arm-none-eabi/lib/thumb/v7e-m/nofp/libc_nano.a(libc_a-findfp.o) (_fwalk_sglue)
/opt/arm-none-eabi/bin/../lib/gcc/arm-none-eabi/12.2.1/../../../../arm-none-eabi/lib/thumb/v7e-m/nofp/libc_nano.a(libc_a-printf.o)
                              build/key.o (printf)
/opt/arm-none-eabi/bin/../lib/gcc/arm-none-eabi/12.2.1/../../../../arm-none-eabi/lib/thumb/v7e-m/nofp/libc_nano.a(libc_a-puts.o)
                              build/main.o (puts)
/opt/arm-none-eabi/bin/../lib/gcc/arm-none-eabi/12.2.1/../../../../arm-none-eabi/lib/thumb/v7e-m/nofp/libc_nano.a(libc_a-sprintf.o)
                              build/lcd.o (sprintf)
/opt/arm-none-eabi/bin/../lib/gcc/arm-none-eabi/12.2.1/../../../../arm-none-eabi/lib/thumb/v7e-m/nofp/libc_nano.a(libc_a-stdio.o)
                              /opt/arm-none-eabi/bin/../lib/gcc/arm-none-eabi/12.2.1/../../../../arm-none-eabi/lib/thumb/v7e-m/nofp/libc_nano.a(libc_a-findfp.o) (__sread)
/opt/arm-none-eabi/bin/../lib/gcc/arm-none-eabi/12.2.1/../../../../arm-none-eabi/lib/thumb/v7e-m/nofp/libc_nano.a(libc_a-wbuf.o)
                              /opt/arm-none-eabi/bin/../lib/gcc/arm-none-eabi/12.2.1/../../../../arm-none-eabi/lib/thumb/v7e-m/nofp/libc_nano.a(libc_a-puts.o) (__swbuf_r)
/opt/arm-none-eabi/bin/../lib/gcc/arm-none-eabi/12.2.1/../../../../arm-none-eabi/lib/thumb/v7e-m/nofp/libc_nano.a(libc_a-wsetup.o)
                              /opt/arm-none-eabi/bin/../lib/gcc/arm-none-eabi/12.2.1/../../../../arm-none-eabi/lib/thumb/v7e-m/nofp/libc_nano.a(libc_a-puts.o) (__swsetup_r)
/opt/arm-none-eabi/bin/../lib/gcc/arm-none-eabi/12.2.1/../../../../arm-none-eabi/lib/thumb/v7e-m/nofp/libc_nano.a(libc_a-memset.o)
                              /opt/arm-none-eabi/bin/../lib/gcc/arm-none-eabi/12.2.1/../../../../arm-none-eabi/lib/thumb/v7e-m/nofp/crt0.o (memset)
/opt/arm-none-eabi/bin/../lib/gcc/arm-none-eabi/12.2.1/../../../../arm-none-eabi/lib/thumb/v7e-m/nofp/libc_nano.a(libc_a-localeconv.o)
                              /opt/arm-none-eabi/bin/../lib/gcc/arm-none-eabi/12.2.1/../../../../arm-none-eabi/lib/thumb/v7e-m/nofp/libc_nano.a(libc_a-nano-vfprintf_float.o) (_localeconv_r)
/opt/arm-none-eabi/bin/../lib/gcc/arm-none-eabi/12.2.1/../../../../arm-none-eabi/lib/thumb/v7e-m/nofp/libc_nano.a(libc_a-closer.o)
                              /opt/arm-none-eabi/bin/../lib/gcc/arm-none-eabi/12.2.1/../../../../arm-none-eabi/lib/thumb/v7e-m/nofp/libc_nano.a(libc_a-stdio.o) (_close_r)
/opt/arm-none-eabi/bin/../lib/gcc/arm-none-eabi/12.2.1/../../../../arm-none-eabi/lib/thumb/v7e-m/nofp/libc_nano.a(libc_a-reent.o)
                              /opt/arm-none-eabi/bin/../lib/gcc/arm-none-eabi/12.2.1/../../../../arm-none-eabi/lib/thumb/v7e-m/nofp/libc_nano.a(libc_a-closer.o) (errno)
/opt/arm-none-eabi/bin/../lib/gcc/arm-none-eabi/12.2.1/../../../../arm-none-eabi/lib/thumb/v7e-m/nofp/libc_nano.a(libc_a-impure.o)
                              /opt/arm-none-eabi/bin/../lib/gcc/arm-none-eabi/12.2.1/../../../../arm-none-eabi/lib/thumb/v7e-m/nofp/libc_nano.a(libc_a-printf.o) (_impure_ptr)
/opt/arm-none-eabi/bin/../lib/gcc/arm-none-eabi/12.2.1/../../../../arm-none-eabi/lib/thumb/v7e-m/nofp/libc_nano.a(libc_a-lseekr.o)
[...]
Memory Configuration

Name             Origin             Length             Attributes
RAM              0x0000000020000000 0x0000000000030000 xrw
FLASH            0x0000000008000000 0x0000000000100000 xr
TCMRAM           0x0000000010000000 0x0000000000010000 rw
*default*        0x0000000000000000 0xffffffffffffffff

Linker script and memory map

LOAD /opt/arm-none-eabi/bin/../lib/gcc/arm-none-eabi/12.2.1/thumb/v7e-m/nofp/crti.o
LOAD /opt/arm-none-eabi/bin/../lib/gcc/arm-none-eabi/12.2.1/thumb/v7e-m/nofp/crtbegin.o
LOAD /opt/arm-none-eabi/bin/../lib/gcc/arm-none-eabi/12.2.1/../../../../arm-none-eabi/lib/thumb/v7e-m/nofp/crt0.o
LOAD build/system_gd32f4xx.o
LOAD build/gd32f4xx_gpio.o
LOAD build/gd32f4xx_timer.o
LOAD build/gd32f4xx_rcu.o
LOAD build/gd32f4xx_usart.o
LOAD build/gd32f4xx_spi.o
LOAD build/gd32f4xx_adc.o
LOAD build/gd32f4xx_exti.o
LOAD build/gd32f4xx_misc.o
LOAD build/gd32f4xx_crc.o
LOAD build/gd32f4xx_dac.o
LOAD build/gd32f4xx_tli.o
LOAD build/gd32f4xx_exmc.o
LOAD build/key.o
LOAD build/led.o
LOAD build/lcd.o
LOAD build/pic_480800.o
LOAD build/usart0.o
LOAD build/gd32f4xx_it.o
LOAD build/systick.o
LOAD build/main.o
LOAD build/startup_gd32f450_470.o
LOAD /opt/arm-none-eabi/bin/../lib/gcc/arm-none-eabi/12.2.1/../../../../arm-none-eabi/lib/thumb/v7e-m/nofp/libc_nano.a
LOAD /opt/arm-none-eabi/bin/../lib/gcc/arm-none-eabi/12.2.1/../../../../arm-none-eabi/lib/thumb/v7e-m/nofp/libm.a
LOAD /opt/arm-none-eabi/bin/../lib/gcc/arm-none-eabi/12.2.1/../../../../arm-none-eabi/lib/thumb/v7e-m/nofp/libnosys.a
START GROUP
LOAD /opt/arm-none-eabi/bin/../lib/gcc/arm-none-eabi/12.2.1/thumb/v7e-m/nofp/libgcc.a
LOAD /opt/arm-none-eabi/bin/../lib/gcc/arm-none-eabi/12.2.1/../../../../arm-none-eabi/lib/thumb/v7e-m/nofp/libc_nano.a
END GROUP
START GROUP
LOAD /opt/arm-none-eabi/bin/../lib/gcc/arm-none-eabi/12.2.1/thumb/v7e-m/nofp/libgcc.a
LOAD /opt/arm-none-eabi/bin/../lib/gcc/arm-none-eabi/12.2.1/../../../../arm-none-eabi/lib/thumb/v7e-m/nofp/libc_nano.a
END GROUP
LOAD /opt/arm-none-eabi/bin/../lib/gcc/arm-none-eabi/12.2.1/thumb/v7e-m/nofp/crtend.o
LOAD /opt/arm-none-eabi/bin/../lib/gcc/arm-none-eabi/12.2.1/thumb/v7e-m/nofp/crtn.o
                0x0000000020030000                _estack = (ORIGIN (RAM) + LENGTH (RAM))
                0x0000000000000200                _Min_Heap_Size = 0x200
                0x0000000000000400                _Min_Stack_Size = 0x400

.isr_vector     0x0000000008000000      0x1ac
                0x0000000008000000                . = ALIGN (0x4)
 *(.isr_vector)
 .isr_vector    0x0000000008000000      0x1ac build/startup_gd32f450_470.o
                0x0000000008000000                g_pfnVectors
                0x00000000080001ac                . = ALIGN (0x4)

.text           0x00000000080001b0     0x5790
                0x00000000080001b0                . = ALIGN (0x4)
 *(.text)
 .text          0x00000000080001b0       0xa0 /opt/arm-none-eabi/bin/../lib/gcc/arm-none-eabi/12.2.1/../../../../arm-none-eabi/lib/thumb/v7e-m/nofp/libc_nano.a(libc_a-memchr.o)
                0x00000000080001b0                memchr
 .text          0x0000000008000250       0x10 /opt/arm-none-eabi/bin/../lib/gcc/arm-none-eabi/12.2.1/../../../../arm-none-eabi/lib/thumb/v7e-m/nofp/libc_nano.a(libc_a-strlen.o)
                0x0000000008000250                strlen
 .text          0x0000000008000260      0x378 /opt/arm-none-eabi/bin/../lib/gcc/arm-none-eabi/12.2.1/thumb/v7e-m/nofp/libgcc.a(_arm_addsubdf3.o)
                0x0000000008000260                __aeabi_drsub
                0x0000000008000268                __aeabi_dsub
                0x0000000008000268                __subdf3
                0x000000000800026c                __adddf3
                0x000000000800026c                __aeabi_dadd
                0x00000000080004e4                __aeabi_ui2d
                0x00000000080004e4                __floatunsidf
                0x0000000008000504                __floatsidf
                0x0000000008000504                __aeabi_i2d
                0x0000000008000528                __extendsfdf2
                0x0000000008000528                __aeabi_f2d
                0x000000000800056c                __aeabi_ul2d
                0x000000000800056c                __floatundidf
                0x000000000800057c                __floatdidf
                0x000000000800057c                __aeabi_l2d
 .text          0x00000000080005d8      0x424 /opt/arm-none-eabi/bin/../lib/gcc/arm-none-eabi/12.2.1/thumb/v7e-m/nofp/libgcc.a(_arm_muldivdf3.o)
                0x00000000080005d8                __aeabi_dmul
                0x00000000080005d8                __muldf3
                0x000000000800082c                __aeabi_ddiv
                0x000000000800082c                __divdf3
 .text          0x00000000080009fc      0x110 /opt/arm-none-eabi/bin/../lib/gcc/arm-none-eabi/12.2.1/thumb/v7e-m/nofp/libgcc.a(_arm_cmpdf2.o)
                0x00000000080009fc                __gtdf2
                0x00000000080009fc                __gedf2
                0x0000000008000a04                __ltdf2
                0x0000000008000a04                __ledf2
                0x0000000008000a0c                __cmpdf2
                0x0000000008000a0c                __eqdf2
                0x0000000008000a0c                __nedf2
                0x0000000008000a88                __aeabi_cdrcmple
                0x0000000008000a98                __aeabi_cdcmple
                0x0000000008000a98                __aeabi_cdcmpeq
                0x0000000008000aa8                __aeabi_dcmpeq
                0x0000000008000abc                __aeabi_dcmplt
                0x0000000008000ad0                __aeabi_dcmple
                0x0000000008000ae4                __aeabi_dcmpge
                0x0000000008000af8                __aeabi_dcmpgt
 .text          0x0000000008000b0c       0x2c /opt/arm-none-eabi/bin/../lib/gcc/arm-none-eabi/12.2.1/thumb/v7e-m/nofp/libgcc.a(_arm_unorddf2.o)
                0x0000000008000b0c                __aeabi_dcmpun
                0x0000000008000b0c                __unorddf2
 .text          0x0000000008000b38       0x50 /opt/arm-none-eabi/bin/../lib/gcc/arm-none-eabi/12.2.1/thumb/v7e-m/nofp/libgcc.a(_arm_fixdfsi.o)
                0x0000000008000b38                __fixdfsi
                0x0000000008000b38                __aeabi_d2iz
 *(.text*)
 .text.__do_global_dtors_aux
                0x0000000008000b88       0x24 /opt/arm-none-eabi/bin/../lib/gcc/arm-none-eabi/12.2.1/thumb/v7e-m/nofp/crtbegin.o
 .text.frame_dummy
                0x0000000008000bac       0x1c /opt/arm-none-eabi/bin/../lib/gcc/arm-none-eabi/12.2.1/thumb/v7e-m/nofp/crtbegin.o
 .text.system_clock_200m_25m_hxtal
                0x0000000008000bc8       0xe8 build/system_gd32f4xx.o
 .text.system_clock_config
                0x0000000008000cb0        0x8 build/system_gd32f4xx.o
 .text.SystemInit
                0x0000000008000cb8       0xb0 build/system_gd32f4xx.o
                0x0000000008000cb8                SystemInit
 .text.gpio_mode_set
                0x0000000008000d68       0x52 build/gd32f4xx_gpio.o
                0x0000000008000d68                gpio_mode_set
 .text.gpio_output_options_set
                0x0000000008000dba       0x50 build/gd32f4xx_gpio.o
                0x0000000008000dba                gpio_output_options_set
 .text.gpio_bit_set
                0x0000000008000e0a        0x4 build/gd32f4xx_gpio.o
                0x0000000008000e0a                gpio_bit_set
 .text.gpio_bit_reset
                0x0000000008000e0e        0x4 build/gd32f4xx_gpio.o
                0x0000000008000e0e                gpio_bit_reset
 .text.gpio_af_set
                0x0000000008000e12       0x78 build/gd32f4xx_gpio.o
                0x0000000008000e12                gpio_af_set
 .text.rcu_periph_clock_enable
                0x0000000008000e8a       0x1a build/gd32f4xx_rcu.o
                0x0000000008000e8a                rcu_periph_clock_enable
 .text.rcu_periph_reset_enable
                0x0000000008000ea4       0x1a build/gd32f4xx_rcu.o
                0x0000000008000ea4                rcu_periph_reset_enable
 .text.rcu_periph_reset_disable
                0x0000000008000ebe       0x1c build/gd32f4xx_rcu.o
                0x0000000008000ebe                rcu_periph_reset_disable
 *fill*         0x0000000008000eda        0x2 
 .text.rcu_clock_freq_get
                0x0000000008000edc       0xe8 build/gd32f4xx_rcu.o
                0x0000000008000edc                rcu_clock_freq_get
 .text.usart_deinit
                0x0000000008000fc4       0xdc build/gd32f4xx_usart.o
                0x0000000008000fc4                usart_deinit
 .text.usart_baudrate_set
                0x00000000080010a0       0xcc build/gd32f4xx_usart.o
                0x00000000080010a0                usart_baudrate_set
 .text.usart_enable
                0x000000000800116c        0xa build/gd32f4xx_usart.o
                0x000000000800116c                usart_enable
 .text.usart_transmit_config
                0x0000000008001176        0xc build/gd32f4xx_usart.o
                0x0000000008001176                usart_transmit_config
 .text.usart_receive_config
                0x0000000008001182        0xc build/gd32f4xx_usart.o
                0x0000000008001182                usart_receive_config
 *fill*         0x000000000800118e        0x2 
 .text.exmc_norsram_init
                0x0000000008001190       0xc0 build/gd32f4xx_exmc.o
                0x0000000008001190                exmc_norsram_init
 .text.exmc_norsram_enable
                0x0000000008001250       0x10 build/gd32f4xx_exmc.o
                0x0000000008001250                exmc_norsram_enable
 .text.key_init
                0x0000000008001260       0x2c build/key.o
                0x0000000008001260                key_init
 .text.led_init
                0x000000000800128c       0x74 build/led.o
                0x000000000800128c                led_init
 .text.LCD_CtrlLinesConfig
                0x0000000008001300       0x4c build/lcd.o
                0x0000000008001300                LCD_CtrlLinesConfig
 .text.LCD_FSMCConfig
                0x000000000800134c      0x110 build/lcd.o
                0x000000000800134c                LCD_FSMCConfig
 .text.LCD_WR_REG
                0x000000000800145c        0xc build/lcd.o
                0x000000000800145c                LCD_WR_REG
 .text.LCD_WR_DATA
                0x0000000008001468        0xc build/lcd.o
                0x0000000008001468                LCD_WR_DATA
 .text.LCD_WriteReg
                0x0000000008001474       0x10 build/lcd.o
                0x0000000008001474                LCD_WriteReg
 .text.LCD_WriteRAM_Prepare
                0x0000000008001484       0x14 build/lcd.o
                0x0000000008001484                LCD_WriteRAM_Prepare
 .text.LCD_WriteRAM
                0x0000000008001498        0xc build/lcd.o
                0x0000000008001498                LCD_WriteRAM
 .text.LCD_RD_DATA
                0x00000000080014a4        0xc build/lcd.o
                0x00000000080014a4                LCD_RD_DATA
 .text.delay_us
                0x00000000080014b0       0x1a build/lcd.o
                0x00000000080014b0                delay_us
 .text.LCD_ReadReg
                0x00000000080014ca       0x1a build/lcd.o
                0x00000000080014ca                LCD_ReadReg
 .text.LcdNT35510ReadID
                0x00000000080014e4       0xac build/lcd.o
                0x00000000080014e4                LcdNT35510ReadID
 .text.LCD_HVGA_NT35510
                0x0000000008001590       0x28 build/lcd.o
                0x0000000008001590                LCD_HVGA_NT35510
 .text.NT35510_HY35_Initial_Code
                0x00000000080015b8      0xefc build/lcd.o
                0x00000000080015b8                NT35510_HY35_Initial_Code
 .text.BlockWrite
                0x00000000080024b4       0x98 build/lcd.o
                0x00000000080024b4                BlockWrite
 .text.LCD_Clear
                0x000000000800254c       0x30 build/lcd.o
                0x000000000800254c                LCD_Clear
 .text.LCD_Scan_Dir
                0x000000000800257c       0xd0 build/lcd.o
                0x000000000800257c                LCD_Scan_Dir
 .text.LCD_Init
                0x000000000800264c       0x34 build/lcd.o
                0x000000000800264c                LCD_Init
 .text.LCD_Fast_DrawPoint
                0x0000000008002680       0x58 build/lcd.o
                0x0000000008002680                LCD_Fast_DrawPoint
 .text.LCD_ShowChar
                0x00000000080026d8      0x108 build/lcd.o
                0x00000000080026d8                LCD_ShowChar
 .text.LCD_ShowString
                0x00000000080027e0       0x5e build/lcd.o
                0x00000000080027e0                LCD_ShowString
 *fill*         0x000000000800283e        0x2 
 .text.usart0_init
                0x0000000008002840       0x94 build/usart0.o
                0x0000000008002840                usart0_init
 .text.NMI_Handler
                0x00000000080028d4        0x2 build/gd32f4xx_it.o
                0x00000000080028d4                NMI_Handler
 .text.HardFault_Handler
                0x00000000080028d6        0x2 build/gd32f4xx_it.o
                0x00000000080028d6                HardFault_Handler
 .text.MemManage_Handler
                0x00000000080028d8        0x2 build/gd32f4xx_it.o
                0x00000000080028d8                MemManage_Handler
 .text.BusFault_Handler
                0x00000000080028da        0x2 build/gd32f4xx_it.o
                0x00000000080028da                BusFault_Handler
 .text.UsageFault_Handler
                0x00000000080028dc        0x2 build/gd32f4xx_it.o
                0x00000000080028dc                UsageFault_Handler
 .text.SVC_Handler
                0x00000000080028de        0x2 build/gd32f4xx_it.o
                0x00000000080028de                SVC_Handler
 .text.DebugMon_Handler
                0x00000000080028e0        0x2 build/gd32f4xx_it.o
                0x00000000080028e0                DebugMon_Handler
 .text.PendSV_Handler
                0x00000000080028e2        0x2 build/gd32f4xx_it.o
                0x00000000080028e2                PendSV_Handler
 .text.SysTick_Handler
                0x00000000080028e4        0x8 build/gd32f4xx_it.o
                0x00000000080028e4                SysTick_Handler
 .text.systick_config
                0x00000000080028ec       0x40 build/systick.o
                0x00000000080028ec                systick_config
 .text.delay_1ms
                0x000000000800292c       0x14 build/systick.o
                0x000000000800292c                delay_1ms
 .text.delay_decrement
                0x0000000008002940       0x14 build/systick.o
                0x0000000008002940                delay_decrement
 .text.main     0x0000000008002954       0x98 build/main.o
                0x0000000008002954                main
 .text.Reset_Handler
                0x00000000080029ec       0x48 build/startup_gd32f450_470.o
                0x00000000080029ec                Reset_Handler
 .text.Default_Handler
                0x0000000008002a34        0x2 build/startup_gd32f450_470.o
                0x0000000008002a34                RTC_Alarm_IRQHandler
                0x0000000008002a34                EXTI2_IRQHandler
                0x0000000008002a34                TIMER2_IRQHandler
                0x0000000008002a34                LVD_IRQHandler
                0x0000000008002a34                SPI4_IRQHandler
                0x0000000008002a34                CAN1_EWMC_IRQHandler
                0x0000000008002a34                TIMER7_UP_TIMER12_IRQHandler
                0x0000000008002a34                SDIO_IRQHandler
                0x0000000008002a34                EXTI3_IRQHandler
                0x0000000008002a34                DCI_IRQHandler
                0x0000000008002a34                USBFS_WKUP_IRQHandler
                0x0000000008002a34                USBHS_IRQHandler
                0x0000000008002a34                IPA_IRQHandler
                0x0000000008002a34                TIMER5_DAC_IRQHandler
                0x0000000008002a34                TIMER0_TRG_CMT_TIMER10_IRQHandler
                0x0000000008002a34                USBFS_IRQHandler
                0x0000000008002a34                TIMER3_IRQHandler
                0x0000000008002a34                DMA0_Channel6_IRQHandler
                0x0000000008002a34                I2C0_EV_IRQHandler
                0x0000000008002a34                EXTI0_IRQHandler
                0x0000000008002a34                I2C2_EV_IRQHandler
                0x0000000008002a34                CAN1_RX0_IRQHandler
                0x0000000008002a34                FPU_IRQHandler
                0x0000000008002a34                TIMER7_TRG_CMT_TIMER13_IRQHandler
                0x0000000008002a34                TIMER4_IRQHandler
                0x0000000008002a34                SPI1_IRQHandler
                0x0000000008002a34                DMA0_Channel0_IRQHandler
                0x0000000008002a34                USART5_IRQHandler
                0x0000000008002a34                TIMER0_BRK_TIMER8_IRQHandler
                0x0000000008002a34                DMA1_Channel0_IRQHandler
                0x0000000008002a34                TIMER7_BRK_TIMER11_IRQHandler
                0x0000000008002a34                TIMER6_IRQHandler
                0x0000000008002a34                DMA1_Channel4_IRQHandler
                0x0000000008002a34                DMA0_Channel3_IRQHandler
                0x0000000008002a34                I2C0_ER_IRQHandler
                0x0000000008002a34                TLI_IRQHandler
                0x0000000008002a34                TIMER0_UP_TIMER9_IRQHandler
                0x0000000008002a34                DMA1_Channel7_IRQHandler
                0x0000000008002a34                CAN1_RX1_IRQHandler
                0x0000000008002a34                DMA0_Channel2_IRQHandler
                0x0000000008002a34                USART0_IRQHandler
                0x0000000008002a34                TIMER1_IRQHandler
                0x0000000008002a34                I2C1_EV_IRQHandler
                0x0000000008002a34                DMA1_Channel6_IRQHandler
                0x0000000008002a34                UART4_IRQHandler
                0x0000000008002a34                EXTI10_15_IRQHandler
                0x0000000008002a34                DMA1_Channel1_IRQHandler
                0x0000000008002a34                Default_Handler
                0x0000000008002a34                TIMER7_Channel_IRQHandler
                0x0000000008002a34                DMA0_Channel7_IRQHandler
                0x0000000008002a34                ADC_IRQHandler
                0x0000000008002a34                CAN0_TX_IRQHandler
                0x0000000008002a34                WWDGT_IRQHandler
                0x0000000008002a34                EXMC_IRQHandler
                0x0000000008002a34                SPI5_IRQHandler
                0x0000000008002a34                TAMPER_STAMP_IRQHandler
                0x0000000008002a34                RTC_WKUP_IRQHandler
                0x0000000008002a34                SPI2_IRQHandler
                0x0000000008002a34                CAN1_TX_IRQHandler
                0x0000000008002a34                RCU_CTC_IRQHandler
                0x0000000008002a34                DMA1_Channel5_IRQHandler
                0x0000000008002a34                EXTI4_IRQHandler
                0x0000000008002a34                CAN0_RX1_IRQHandler
                0x0000000008002a34                DMA0_Channel5_IRQHandler
                0x0000000008002a34                DMA1_Channel3_IRQHandler
                0x0000000008002a34                EXTI5_9_IRQHandler
                0x0000000008002a34                DMA0_Channel1_IRQHandler
                0x0000000008002a34                TIMER0_Channel_IRQHandler
                0x0000000008002a34                EXTI1_IRQHandler
                0x0000000008002a34                ENET_WKUP_IRQHandler
                0x0000000008002a34                USBHS_EP1_In_IRQHandler
                0x0000000008002a34                SPI0_IRQHandler
                0x0000000008002a34                UART7_IRQHandler
                0x0000000008002a34                USART2_IRQHandler
                0x0000000008002a34                UART6_IRQHandler
                0x0000000008002a34                CAN0_EWMC_IRQHandler
                0x0000000008002a34                CAN0_RX0_IRQHandler
                0x0000000008002a34                I2C2_ER_IRQHandler
                0x0000000008002a34                DMA1_Channel2_IRQHandler
                0x0000000008002a34                TLI_ER_IRQHandler
                0x0000000008002a34                USART1_IRQHandler
                0x0000000008002a34                SPI3_IRQHandler
                0x0000000008002a34                UART3_IRQHandler
                0x0000000008002a34                I2C1_ER_IRQHandler
                0x0000000008002a34                FMC_IRQHandler
                0x0000000008002a34                USBHS_WKUP_IRQHandler
                0x0000000008002a34                DMA0_Channel4_IRQHandler
                0x0000000008002a34                TRNG_IRQHandler
                0x0000000008002a34                ENET_IRQHandler
                0x0000000008002a34                USBHS_EP1_Out_IRQHandler
 .text.__cvt    0x0000000008002a36       0xce /opt/arm-none-eabi/bin/../lib/gcc/arm-none-eabi/12.2.1/../../../../arm-none-eabi/lib/thumb/v7e-m/nofp/libc_nano.a(libc_a-nano-vfprintf_float.o)
                0x0000000008002a36                __cvt
 .text.__exponent
                0x0000000008002b04       0x74 /opt/arm-none-eabi/bin/../lib/gcc/arm-none-eabi/12.2.1/../../../../arm-none-eabi/lib/thumb/v7e-m/nofp/libc_nano.a(libc_a-nano-vfprintf_float.o)
                0x0000000008002b04                __exponent
 .text._printf_float
                0x0000000008002b78      0x46c /opt/arm-none-eabi/bin/../lib/gcc/arm-none-eabi/12.2.1/../../../../arm-none-eabi/lib/thumb/v7e-m/nofp/libc_nano.a(libc_a-nano-vfprintf_float.o)
                0x0000000008002b78                _printf_float
 .text._printf_common
                0x0000000008002fe4       0xda /opt/arm-none-eabi/bin/../lib/gcc/arm-none-eabi/12.2.1/../../../../arm-none-eabi/lib/thumb/v7e-m/nofp/libc_nano.a(libc_a-nano-vfprintf_i.o)
                0x0000000008002fe4                _printf_common
 *fill*         0x00000000080030be        0x2 
 .text._printf_i
                0x00000000080030c0      0x258 /opt/arm-none-eabi/bin/../lib/gcc/arm-none-eabi/12.2.1/../../../../arm-none-eabi/lib/thumb/v7e-m/nofp/libc_nano.a(libc_a-nano-vfprintf_i.o)
                0x00000000080030c0                _printf_i
 .text.std      0x0000000008003318       0x6c /opt/arm-none-eabi/bin/../lib/gcc/arm-none-eabi/12.2.1/../../../../arm-none-eabi/lib/thumb/v7e-m/nofp/libc_nano.a(libc_a-findfp.o)
 .text.stdio_exit_handler
                0x0000000008003384       0x18 /opt/arm-none-eabi/bin/../lib/gcc/arm-none-eabi/12.2.1/../../../../arm-none-eabi/lib/thumb/v7e-m/nofp/libc_nano.a(libc_a-findfp.o)
 .text.cleanup_stdio
                0x000000000800339c       0x40 /opt/arm-none-eabi/bin/../lib/gcc/arm-none-eabi/12.2.1/../../../../arm-none-eabi/lib/thumb/v7e-m/nofp/libc_nano.a(libc_a-findfp.o)
 .text.global_stdio_init.part.0
                0x00000000080033dc       0x3c /opt/arm-none-eabi/bin/../lib/gcc/arm-none-eabi/12.2.1/../../../../arm-none-eabi/lib/thumb/v7e-m/nofp/libc_nano.a(libc_a-findfp.o)
 .text.__sfp_lock_acquire
                0x0000000008003418        0xc /opt/arm-none-eabi/bin/../lib/gcc/arm-none-eabi/12.2.1/../../../../arm-none-eabi/lib/thumb/v7e-m/nofp/libc_nano.a(libc_a-findfp.o)
                0x0000000008003418                __sfp_lock_acquire
 .text.__sfp_lock_release
                0x0000000008003424        0xc /opt/arm-none-eabi/bin/../lib/gcc/arm-none-eabi/12.2.1/../../../../arm-none-eabi/lib/thumb/v7e-m/nofp/libc_nano.a(libc_a-findfp.o)
                0x0000000008003424                __sfp_lock_release
 .text.__sinit  0x0000000008003430       0x30 /opt/arm-none-eabi/bin/../lib/gcc/arm-none-eabi/12.2.1/../../../../arm-none-eabi/lib/thumb/v7e-m/nofp/libc_nano.a(libc_a-findfp.o)
                0x0000000008003430                __sinit
 .text._fwalk_sglue
                0x0000000008003460       0x3c /opt/arm-none-eabi/bin/../lib/gcc/arm-none-eabi/12.2.1/../../../../arm-none-eabi/lib/thumb/v7e-m/nofp/libc_nano.a(libc_a-fwalk.o)
                0x0000000008003460                _fwalk_sglue
 .text.printf   0x000000000800349c       0x24 /opt/arm-none-eabi/bin/../lib/gcc/arm-none-eabi/12.2.1/../../../../arm-none-eabi/lib/thumb/v7e-m/nofp/libc_nano.a(libc_a-printf.o)
                0x000000000800349c                printf
                0x000000000800349c                iprintf
 .text._puts_r  0x00000000080034c0       0xaa /opt/arm-none-eabi/bin/../lib/gcc/arm-none-eabi/12.2.1/../../../../arm-none-eabi/lib/thumb/v7e-m/nofp/libc_nano.a(libc_a-puts.o)
                0x00000000080034c0                _puts_r
 *fill*         0x000000000800356a        0x2 
 .text.puts     0x000000000800356c       0x10 /opt/arm-none-eabi/bin/../lib/gcc/arm-none-eabi/12.2.1/../../../../arm-none-eabi/lib/thumb/v7e-m/nofp/libc_nano.a(libc_a-puts.o)
                0x000000000800356c                puts
 .text.sprintf  0x000000000800357c       0x40 /opt/arm-none-eabi/bin/../lib/gcc/arm-none-eabi/12.2.1/../../../../arm-none-eabi/lib/thumb/v7e-m/nofp/libc_nano.a(libc_a-sprintf.o)
                0x000000000800357c                sprintf
                0x000000000800357c                siprintf
 .text.__sread  0x00000000080035bc       0x22 /opt/arm-none-eabi/bin/../lib/gcc/arm-none-eabi/12.2.1/../../../../arm-none-eabi/lib/thumb/v7e-m/nofp/libc_nano.a(libc_a-stdio.o)
                0x00000000080035bc                __sread
 .text.__swrite
                0x00000000080035de       0x38 /opt/arm-none-eabi/bin/../lib/gcc/arm-none-eabi/12.2.1/../../../../arm-none-eabi/lib/thumb/v7e-m/nofp/libc_nano.a(libc_a-stdio.o)
                0x00000000080035de                __swrite
 .text.__sseek  0x0000000008003616       0x24 /opt/arm-none-eabi/bin/../lib/gcc/arm-none-eabi/12.2.1/../../../../arm-none-eabi/lib/thumb/v7e-m/nofp/libc_nano.a(libc_a-stdio.o)
                0x0000000008003616                __sseek
 .text.__sclose
                0x000000000800363a        0x8 /opt/arm-none-eabi/bin/../lib/gcc/arm-none-eabi/12.2.1/../../../../arm-none-eabi/lib/thumb/v7e-m/nofp/libc_nano.a(libc_a-stdio.o)
                0x000000000800363a                __sclose
 .text.__swbuf_r
                0x0000000008003642       0x7c /opt/arm-none-eabi/bin/../lib/gcc/arm-none-eabi/12.2.1/../../../../arm-none-eabi/lib/thumb/v7e-m/nofp/libc_nano.a(libc_a-wbuf.o)
                0x0000000008003642                __swbuf_r
 *fill*         0x00000000080036be        0x2 
 .text.__swsetup_r
                0x00000000080036c0       0xac /opt/arm-none-eabi/bin/../lib/gcc/arm-none-eabi/12.2.1/../../../../arm-none-eabi/lib/thumb/v7e-m/nofp/libc_nano.a(libc_a-wsetup.o)
                0x00000000080036c0                __swsetup_r
 .text.memset   0x000000000800376c       0x10 /opt/arm-none-eabi/bin/../lib/gcc/arm-none-eabi/12.2.1/../../../../arm-none-eabi/lib/thumb/v7e-m/nofp/libc_nano.a(libc_a-memset.o)
                0x000000000800376c                memset
 .text._localeconv_r
                0x000000000800377c        0x8 /opt/arm-none-eabi/bin/../lib/gcc/arm-none-eabi/12.2.1/../../../../arm-none-eabi/lib/thumb/v7e-m/nofp/libc_nano.a(libc_a-localeconv.o)
                0x000000000800377c                _localeconv_r
 .text._close_r
                0x0000000008003784       0x20 /opt/arm-none-eabi/bin/../lib/gcc/arm-none-eabi/12.2.1/../../../../arm-none-eabi/lib/thumb/v7e-m/nofp/libc_nano.a(libc_a-closer.o)
                0x0000000008003784                _close_r
 .text._lseek_r
                0x00000000080037a4       0x24 /opt/arm-none-eabi/bin/../lib/gcc/arm-none-eabi/12.2.1/../../../../arm-none-eabi/lib/thumb/v7e-m/nofp/libc_nano.a(libc_a-lseekr.o)
                0x00000000080037a4                _lseek_r
 .text._read_r  0x00000000080037c8       0x24 /opt/arm-none-eabi/bin/../lib/gcc/arm-none-eabi/12.2.1/../../../../arm-none-eabi/lib/thumb/v7e-m/nofp/libc_nano.a(libc_a-readr.o)
                0x00000000080037c8                _read_r
 .text._write_r
                0x00000000080037ec       0x24 /opt/arm-none-eabi/bin/../lib/gcc/arm-none-eabi/12.2.1/../../../../arm-none-eabi/lib/thumb/v7e-m/nofp/libc_nano.a(libc_a-writer.o)
                0x00000000080037ec                _write_r
 .text.__libc_init_array
                0x0000000008003810       0x48 /opt/arm-none-eabi/bin/../lib/gcc/arm-none-eabi/12.2.1/../../../../arm-none-eabi/lib/thumb/v7e-m/nofp/libc_nano.a(libc_a-init.o)
                0x0000000008003810                __libc_init_array
 .text.__retarget_lock_init_recursive
                0x0000000008003858        0x2 /opt/arm-none-eabi/bin/../lib/gcc/arm-none-eabi/12.2.1/../../../../arm-none-eabi/lib/thumb/v7e-m/nofp/libc_nano.a(libc_a-lock.o)
                0x0000000008003858                __retarget_lock_init_recursive
 .text.__retarget_lock_acquire_recursive
                0x000000000800385a        0x2 /opt/arm-none-eabi/bin/../lib/gcc/arm-none-eabi/12.2.1/../../../../arm-none-eabi/lib/thumb/v7e-m/nofp/libc_nano.a(libc_a-lock.o)
                0x000000000800385a                __retarget_lock_acquire_recursive
 .text.__retarget_lock_release_recursive
                0x000000000800385c        0x2 /opt/arm-none-eabi/bin/../lib/gcc/arm-none-eabi/12.2.1/../../../../arm-none-eabi/lib/thumb/v7e-m/nofp/libc_nano.a(libc_a-lock.o)
                0x000000000800385c                __retarget_lock_release_recursive
 .text.quorem   0x000000000800385e      0x110 /opt/arm-none-eabi/bin/../lib/gcc/arm-none-eabi/12.2.1/../../../../arm-none-eabi/lib/thumb/v7e-m/nofp/libc_nano.a(libc_a-dtoa.o)
 *fill*         0x000000000800396e        0x2 
 .text._dtoa_r  0x0000000008003970      0xc5c /opt/arm-none-eabi/bin/../lib/gcc/arm-none-eabi/12.2.1/../../../../arm-none-eabi/lib/thumb/v7e-m/nofp/libc_nano.a(libc_a-dtoa.o)
                0x0000000008003970                _dtoa_r
 .text._free_r  0x00000000080045cc       0x94 /opt/arm-none-eabi/bin/../lib/gcc/arm-none-eabi/12.2.1/../../../../arm-none-eabi/lib/thumb/v7e-m/nofp/libc_nano.a(libc_a-freer.o)
                0x00000000080045cc                _free_r
 .text.malloc   0x0000000008004660       0x10 /opt/arm-none-eabi/bin/../lib/gcc/arm-none-eabi/12.2.1/../../../../arm-none-eabi/lib/thumb/v7e-m/nofp/libc_nano.a(libc_a-malloc.o)
                0x0000000008004660                malloc
 .text.sbrk_aligned
                0x0000000008004670       0x44 /opt/arm-none-eabi/bin/../lib/gcc/arm-none-eabi/12.2.1/../../../../arm-none-eabi/lib/thumb/v7e-m/nofp/libc_nano.a(libc_a-mallocr.o)
 .text._malloc_r
                0x00000000080046b4       0xf0 /opt/arm-none-eabi/bin/../lib/gcc/arm-none-eabi/12.2.1/../../../../arm-none-eabi/lib/thumb/v7e-m/nofp/libc_nano.a(libc_a-mallocr.o)
                0x00000000080046b4                _malloc_r
 .text.__malloc_lock
                0x00000000080047a4        0xc /opt/arm-none-eabi/bin/../lib/gcc/arm-none-eabi/12.2.1/../../../../arm-none-eabi/lib/thumb/v7e-m/nofp/libc_nano.a(libc_a-mlock.o)
                0x00000000080047a4                __malloc_lock
 .text.__malloc_unlock
                0x00000000080047b0        0xc /opt/arm-none-eabi/bin/../lib/gcc/arm-none-eabi/12.2.1/../../../../arm-none-eabi/lib/thumb/v7e-m/nofp/libc_nano.a(libc_a-mlock.o)
                0x00000000080047b0                __malloc_unlock
 .text._Balloc  0x00000000080047bc       0x80 /opt/arm-none-eabi/bin/../lib/gcc/arm-none-eabi/12.2.1/../../../../arm-none-eabi/lib/thumb/v7e-m/nofp/libc_nano.a(libc_a-mprec.o)
                0x00000000080047bc                _Balloc
 .text._Bfree   0x000000000800483c       0x44 /opt/arm-none-eabi/bin/../lib/gcc/arm-none-eabi/12.2.1/../../../../arm-none-eabi/lib/thumb/v7e-m/nofp/libc_nano.a(libc_a-mprec.o)
                0x000000000800483c                _Bfree
 .text.__multadd
                0x0000000008004880       0x8c /opt/arm-none-eabi/bin/../lib/gcc/arm-none-eabi/12.2.1/../../../../arm-none-eabi/lib/thumb/v7e-m/nofp/libc_nano.a(libc_a-mprec.o)
                0x0000000008004880                __multadd
 .text.__hi0bits
                0x000000000800490c       0x44 /opt/arm-none-eabi/bin/../lib/gcc/arm-none-eabi/12.2.1/../../../../arm-none-eabi/lib/thumb/v7e-m/nofp/libc_nano.a(libc_a-mprec.o)
                0x000000000800490c                __hi0bits
 .text.__lo0bits
                0x0000000008004950       0x5a /opt/arm-none-eabi/bin/../lib/gcc/arm-none-eabi/12.2.1/../../../../arm-none-eabi/lib/thumb/v7e-m/nofp/libc_nano.a(libc_a-mprec.o)
                0x0000000008004950                __lo0bits
 *fill*         0x00000000080049aa        0x2 
 .text.__i2b    0x00000000080049ac       0x2c /opt/arm-none-eabi/bin/../lib/gcc/arm-none-eabi/12.2.1/../../../../arm-none-eabi/lib/thumb/v7e-m/nofp/libc_nano.a(libc_a-mprec.o)
                0x00000000080049ac                __i2b
 .text.__multiply
                0x00000000080049d8      0x154 /opt/arm-none-eabi/bin/../lib/gcc/arm-none-eabi/12.2.1/../../../../arm-none-eabi/lib/thumb/v7e-m/nofp/libc_nano.a(libc_a-mprec.o)
                0x00000000080049d8                __multiply
 .text.__pow5mult
                0x0000000008004b2c       0xb4 /opt/arm-none-eabi/bin/../lib/gcc/arm-none-eabi/12.2.1/../../../../arm-none-eabi/lib/thumb/v7e-m/nofp/libc_nano.a(libc_a-mprec.o)
                0x0000000008004b2c                __pow5mult
 .text.__lshift
                0x0000000008004be0       0xd8 /opt/arm-none-eabi/bin/../lib/gcc/arm-none-eabi/12.2.1/../../../../arm-none-eabi/lib/thumb/v7e-m/nofp/libc_nano.a(libc_a-mprec.o)
                0x0000000008004be0                __lshift
 .text.__mcmp   0x0000000008004cb8       0x36 /opt/arm-none-eabi/bin/../lib/gcc/arm-none-eabi/12.2.1/../../../../arm-none-eabi/lib/thumb/v7e-m/nofp/libc_nano.a(libc_a-mprec.o)
                0x0000000008004cb8                __mcmp
 *fill*         0x0000000008004cee        0x2 
 .text.__mdiff  0x0000000008004cf0      0x124 /opt/arm-none-eabi/bin/../lib/gcc/arm-none-eabi/12.2.1/../../../../arm-none-eabi/lib/thumb/v7e-m/nofp/libc_nano.a(libc_a-mprec.o)
                0x0000000008004cf0                __mdiff
 .text.__d2b    0x0000000008004e14       0xb0 /opt/arm-none-eabi/bin/../lib/gcc/arm-none-eabi/12.2.1/../../../../arm-none-eabi/lib/thumb/v7e-m/nofp/libc_nano.a(libc_a-mprec.o)
                0x0000000008004e14                __d2b
 .text.__ssputs_r
                0x0000000008004ec4       0xb6 /opt/arm-none-eabi/bin/../lib/gcc/arm-none-eabi/12.2.1/../../../../arm-none-eabi/lib/thumb/v7e-m/nofp/libc_nano.a(libc_a-nano-svfprintf.o)
                0x0000000008004ec4                __ssputs_r
 *fill*         0x0000000008004f7a        0x2 
 .text._svfprintf_r
                0x0000000008004f7c      0x1f8 /opt/arm-none-eabi/bin/../lib/gcc/arm-none-eabi/12.2.1/../../../../arm-none-eabi/lib/thumb/v7e-m/nofp/libc_nano.a(libc_a-nano-svfprintf.o)
                0x0000000008004f7c                _svfprintf_r
                0x0000000008004f7c                _svfiprintf_r
 .text.__sfputc_r
                0x0000000008005174       0x2a /opt/arm-none-eabi/bin/../lib/gcc/arm-none-eabi/12.2.1/../../../../arm-none-eabi/lib/thumb/v7e-m/nofp/libc_nano.a(libc_a-nano-vfprintf.o)
 .text.__sfputs_r
                0x000000000800519e       0x24 /opt/arm-none-eabi/bin/../lib/gcc/arm-none-eabi/12.2.1/../../../../arm-none-eabi/lib/thumb/v7e-m/nofp/libc_nano.a(libc_a-nano-vfprintf.o)
                0x000000000800519e                __sfputs_r
 *fill*         0x00000000080051c2        0x2 
 .text._vfprintf_r
                0x00000000080051c4      0x230 /opt/arm-none-eabi/bin/../lib/gcc/arm-none-eabi/12.2.1/../../../../arm-none-eabi/lib/thumb/v7e-m/nofp/libc_nano.a(libc_a-nano-vfprintf.o)
                0x00000000080051c4                _vfiprintf_r
                0x00000000080051c4                _vfprintf_r
 .text.__sflush_r
                0x00000000080053f4      0x100 /opt/arm-none-eabi/bin/../lib/gcc/arm-none-eabi/12.2.1/../../../../arm-none-eabi/lib/thumb/v7e-m/nofp/libc_nano.a(libc_a-fflush.o)
                0x00000000080053f4                __sflush_r
 .text._fflush_r
                0x00000000080054f4       0x50 /opt/arm-none-eabi/bin/../lib/gcc/arm-none-eabi/12.2.1/../../../../arm-none-eabi/lib/thumb/v7e-m/nofp/libc_nano.a(libc_a-fflush.o)
                0x00000000080054f4                _fflush_r
 .text.__swhatbuf_r
                0x0000000008005544       0x4c /opt/arm-none-eabi/bin/../lib/gcc/arm-none-eabi/12.2.1/../../../../arm-none-eabi/lib/thumb/v7e-m/nofp/libc_nano.a(libc_a-makebuf.o)
                0x0000000008005544                __swhatbuf_r
 .text.__smakebuf_r
                0x0000000008005590       0x78 /opt/arm-none-eabi/bin/../lib/gcc/arm-none-eabi/12.2.1/../../../../arm-none-eabi/lib/thumb/v7e-m/nofp/libc_nano.a(libc_a-makebuf.o)
                0x0000000008005590                __smakebuf_r
 .text.memmove  0x0000000008005608       0x34 /opt/arm-none-eabi/bin/../lib/gcc/arm-none-eabi/12.2.1/../../../../arm-none-eabi/lib/thumb/v7e-m/nofp/libc_nano.a(libc_a-memmove.o)
                0x0000000008005608                memmove
 .text._fstat_r
                0x000000000800563c       0x24 /opt/arm-none-eabi/bin/../lib/gcc/arm-none-eabi/12.2.1/../../../../arm-none-eabi/lib/thumb/v7e-m/nofp/libc_nano.a(libc_a-fstatr.o)
                0x000000000800563c                _fstat_r
 .text._isatty_r
                0x0000000008005660       0x20 /opt/arm-none-eabi/bin/../lib/gcc/arm-none-eabi/12.2.1/../../../../arm-none-eabi/lib/thumb/v7e-m/nofp/libc_nano.a(libc_a-isattyr.o)
                0x0000000008005660                _isatty_r
 .text._sbrk_r  0x0000000008005680       0x20 /opt/arm-none-eabi/bin/../lib/gcc/arm-none-eabi/12.2.1/../../../../arm-none-eabi/lib/thumb/v7e-m/nofp/libc_nano.a(libc_a-sbrkr.o)
                0x0000000008005680                _sbrk_r
 .text.memcpy   0x00000000080056a0       0x1c /opt/arm-none-eabi/bin/../lib/gcc/arm-none-eabi/12.2.1/../../../../arm-none-eabi/lib/thumb/v7e-m/nofp/libc_nano.a(libc_a-memcpy-stub.o)
                0x00000000080056a0                memcpy
 .text.__assert_func
                0x00000000080056bc       0x3c /opt/arm-none-eabi/bin/../lib/gcc/arm-none-eabi/12.2.1/../../../../arm-none-eabi/lib/thumb/v7e-m/nofp/libc_nano.a(libc_a-assert.o)
                0x00000000080056bc                __assert_func
 .text._calloc_r
                0x00000000080056f8       0x28 /opt/arm-none-eabi/bin/../lib/gcc/arm-none-eabi/12.2.1/../../../../arm-none-eabi/lib/thumb/v7e-m/nofp/libc_nano.a(libc_a-callocr.o)
                0x00000000080056f8                _calloc_r
 .text.__ascii_mbtowc
                0x0000000008005720       0x24 /opt/arm-none-eabi/bin/../lib/gcc/arm-none-eabi/12.2.1/../../../../arm-none-eabi/lib/thumb/v7e-m/nofp/libc_nano.a(libc_a-mbtowc_r.o)
                0x0000000008005720                __ascii_mbtowc
 .text._realloc_r
                0x0000000008005744       0x5c /opt/arm-none-eabi/bin/../lib/gcc/arm-none-eabi/12.2.1/../../../../arm-none-eabi/lib/thumb/v7e-m/nofp/libc_nano.a(libc_a-reallocr.o)
                0x0000000008005744                _realloc_r
 .text.__ascii_wctomb
                0x00000000080057a0       0x1a /opt/arm-none-eabi/bin/../lib/gcc/arm-none-eabi/12.2.1/../../../../arm-none-eabi/lib/thumb/v7e-m/nofp/libc_nano.a(libc_a-wctomb_r.o)
                0x00000000080057a0                __ascii_wctomb
 *fill*         0x00000000080057ba        0x2 
 .text.fprintf  0x00000000080057bc       0x24 /opt/arm-none-eabi/bin/../lib/gcc/arm-none-eabi/12.2.1/../../../../arm-none-eabi/lib/thumb/v7e-m/nofp/libc_nano.a(libc_a-fprintf.o)
                0x00000000080057bc                fprintf
                0x00000000080057bc                fiprintf
 .text.abort    0x00000000080057e0        0xe /opt/arm-none-eabi/bin/../lib/gcc/arm-none-eabi/12.2.1/../../../../arm-none-eabi/lib/thumb/v7e-m/nofp/libc_nano.a(libc_a-abort.o)
                0x00000000080057e0                abort
 .text._malloc_usable_size_r
                0x00000000080057ee       0x10 /opt/arm-none-eabi/bin/../lib/gcc/arm-none-eabi/12.2.1/../../../../arm-none-eabi/lib/thumb/v7e-m/nofp/libc_nano.a(libc_a-msizer.o)
                0x00000000080057ee                _malloc_usable_size_r
 .text._raise_r
                0x00000000080057fe       0x50 /opt/arm-none-eabi/bin/../lib/gcc/arm-none-eabi/12.2.1/../../../../arm-none-eabi/lib/thumb/v7e-m/nofp/libc_nano.a(libc_a-signal.o)
                0x00000000080057fe                _raise_r
 *fill*         0x000000000800584e        0x2 
 .text.raise    0x0000000008005850       0x10 /opt/arm-none-eabi/bin/../lib/gcc/arm-none-eabi/12.2.1/../../../../arm-none-eabi/lib/thumb/v7e-m/nofp/libc_nano.a(libc_a-signal.o)
                0x0000000008005850                raise
 .text._kill_r  0x0000000008005860       0x24 /opt/arm-none-eabi/bin/../lib/gcc/arm-none-eabi/12.2.1/../../../../arm-none-eabi/lib/thumb/v7e-m/nofp/libc_nano.a(libc_a-signalr.o)
                0x0000000008005860                _kill_r
 .text._getpid_r
                0x0000000008005884        0x4 /opt/arm-none-eabi/bin/../lib/gcc/arm-none-eabi/12.2.1/../../../../arm-none-eabi/lib/thumb/v7e-m/nofp/libc_nano.a(libc_a-signalr.o)
                0x0000000008005884                _getpid_r
 .text._close   0x0000000008005888       0x10 /opt/arm-none-eabi/bin/../lib/gcc/arm-none-eabi/12.2.1/../../../../arm-none-eabi/lib/thumb/v7e-m/nofp/libnosys.a(close.o)
                0x0000000008005888                _close
 .text._fstat   0x0000000008005898       0x10 /opt/arm-none-eabi/bin/../lib/gcc/arm-none-eabi/12.2.1/../../../../arm-none-eabi/lib/thumb/v7e-m/nofp/libnosys.a(fstat.o)
                0x0000000008005898                _fstat
 .text._getpid  0x00000000080058a8       0x10 /opt/arm-none-eabi/bin/../lib/gcc/arm-none-eabi/12.2.1/../../../../arm-none-eabi/lib/thumb/v7e-m/nofp/libnosys.a(getpid.o)
                0x00000000080058a8                _getpid
 .text._isatty  0x00000000080058b8       0x10 /opt/arm-none-eabi/bin/../lib/gcc/arm-none-eabi/12.2.1/../../../../arm-none-eabi/lib/thumb/v7e-m/nofp/libnosys.a(isatty.o)
                0x00000000080058b8                _isatty
 .text._kill    0x00000000080058c8       0x10 /opt/arm-none-eabi/bin/../lib/gcc/arm-none-eabi/12.2.1/../../../../arm-none-eabi/lib/thumb/v7e-m/nofp/libnosys.a(kill.o)
                0x00000000080058c8                _kill
 .text._lseek   0x00000000080058d8       0x10 /opt/arm-none-eabi/bin/../lib/gcc/arm-none-eabi/12.2.1/../../../../arm-none-eabi/lib/thumb/v7e-m/nofp/libnosys.a(lseek.o)
                0x00000000080058d8                _lseek
 .text._read    0x00000000080058e8       0x10 /opt/arm-none-eabi/bin/../lib/gcc/arm-none-eabi/12.2.1/../../../../arm-none-eabi/lib/thumb/v7e-m/nofp/libnosys.a(read.o)
                0x00000000080058e8                _read
 .text._sbrk    0x00000000080058f8       0x1c /opt/arm-none-eabi/bin/../lib/gcc/arm-none-eabi/12.2.1/../../../../arm-none-eabi/lib/thumb/v7e-m/nofp/libnosys.a(sbrk.o)
                0x00000000080058f8                _sbrk
 .text._write   0x0000000008005914       0x10 /opt/arm-none-eabi/bin/../lib/gcc/arm-none-eabi/12.2.1/../../../../arm-none-eabi/lib/thumb/v7e-m/nofp/libnosys.a(write.o)
                0x0000000008005914                _write
 .text._exit    0x0000000008005924        0x4 /opt/arm-none-eabi/bin/../lib/gcc/arm-none-eabi/12.2.1/../../../../arm-none-eabi/lib/thumb/v7e-m/nofp/libnosys.a(_exit.o)
                0x0000000008005924                _exit
 *(.glue_7)
 .glue_7        0x0000000008005928        0x0 linker stubs
 *(.glue_7t)
 .glue_7t       0x0000000008005928        0x0 linker stubs
 *(.eh_frame)
 .eh_frame      0x0000000008005928        0x0 /opt/arm-none-eabi/bin/../lib/gcc/arm-none-eabi/12.2.1/thumb/v7e-m/nofp/crtbegin.o
 *(.init)
 .init          0x0000000008005928        0x4 /opt/arm-none-eabi/bin/../lib/gcc/arm-none-eabi/12.2.1/thumb/v7e-m/nofp/crti.o
                0x0000000008005928                _init
 .init          0x000000000800592c        0x8 /opt/arm-none-eabi/bin/../lib/gcc/arm-none-eabi/12.2.1/thumb/v7e-m/nofp/crtn.o
 *(.fini)
 .fini          0x0000000008005934        0x4 /opt/arm-none-eabi/bin/../lib/gcc/arm-none-eabi/12.2.1/thumb/v7e-m/nofp/crti.o
                0x0000000008005934                _fini
 .fini          0x0000000008005938        0x8 /opt/arm-none-eabi/bin/../lib/gcc/arm-none-eabi/12.2.1/thumb/v7e-m/nofp/crtn.o
                0x0000000008005940                . = ALIGN (0x4)
                0x0000000008005940                _etext = .

.vfp11_veneer   0x0000000008005940        0x0
 .vfp11_veneer  0x0000000008005940        0x0 linker stubs

.v4_bx          0x0000000008005940        0x0
 .v4_bx         0x0000000008005940        0x0 linker stubs

.iplt           0x0000000008005940        0x0
 .iplt          0x0000000008005940        0x0 /opt/arm-none-eabi/bin/../lib/gcc/arm-none-eabi/12.2.1/thumb/v7e-m/nofp/crtbegin.o

.rodata         0x0000000008005940     0x1bc0
                0x0000000008005940                . = ALIGN (0x4)
 *(.rodata)
 .rodata        0x0000000008005940       0x18 build/gd32f4xx_rcu.o
 *(.rodata*)
 .rodata.LcdNT35510ReadID.str1.4
                0x0000000008005958       0x24 build/lcd.o
 .rodata.asc2_2412
                0x000000000800597c      0xd5c build/lcd.o
                0x000000000800597c                asc2_2412
 .rodata.asc2_1608
                0x00000000080066d8      0x5f0 build/lcd.o
                0x00000000080066d8                asc2_1608
 .rodata.asc2_1206
                0x0000000008006cc8      0x474 build/lcd.o
                0x0000000008006cc8                asc2_1206
 .rodata.main.str1.4
                0x000000000800713c       0x1a build/main.o
 .rodata._printf_float.str1.1
                0x0000000008007156       0x12 /opt/arm-none-eabi/bin/../lib/gcc/arm-none-eabi/12.2.1/../../../../arm-none-eabi/lib/thumb/v7e-m/nofp/libc_nano.a(libc_a-nano-vfprintf_float.o)
 .rodata._printf_i.str1.1
                0x0000000008007168       0x22 /opt/arm-none-eabi/bin/../lib/gcc/arm-none-eabi/12.2.1/../../../../arm-none-eabi/lib/thumb/v7e-m/nofp/libc_nano.a(libc_a-nano-vfprintf_i.o)
 .rodata._dtoa_r.str1.1
                0x000000000800718a       0xaa /opt/arm-none-eabi/bin/../lib/gcc/arm-none-eabi/12.2.1/../../../../arm-none-eabi/lib/thumb/v7e-m/nofp/libc_nano.a(libc_a-dtoa.o)
                                         0xac (size before relaxing)
 .rodata._Balloc.str1.1
                0x0000000008007234       0x76 /opt/arm-none-eabi/bin/../lib/gcc/arm-none-eabi/12.2.1/../../../../arm-none-eabi/lib/thumb/v7e-m/nofp/libc_nano.a(libc_a-mprec.o)
                                         0x8d (size before relaxing)
 .rodata.__multadd.str1.1
                0x00000000080072aa       0x11 /opt/arm-none-eabi/bin/../lib/gcc/arm-none-eabi/12.2.1/../../../../arm-none-eabi/lib/thumb/v7e-m/nofp/libc_nano.a(libc_a-mprec.o)
 *fill*         0x00000000080072aa        0x2 
 .rodata.p05.0  0x00000000080072ac        0xc /opt/arm-none-eabi/bin/../lib/gcc/arm-none-eabi/12.2.1/../../../../arm-none-eabi/lib/thumb/v7e-m/nofp/libc_nano.a(libc_a-mprec.o)
 .rodata.__mprec_bigtens
                0x00000000080072b8       0x28 /opt/arm-none-eabi/bin/../lib/gcc/arm-none-eabi/12.2.1/../../../../arm-none-eabi/lib/thumb/v7e-m/nofp/libc_nano.a(libc_a-mprec.o)
                0x00000000080072b8                __mprec_bigtens
 .rodata.__mprec_tens
                0x00000000080072e0       0xc8 /opt/arm-none-eabi/bin/../lib/gcc/arm-none-eabi/12.2.1/../../../../arm-none-eabi/lib/thumb/v7e-m/nofp/libc_nano.a(libc_a-mprec.o)
                0x00000000080072e0                __mprec_tens
 .rodata._svfprintf_r.str1.1
                0x00000000080073a8       0x11 /opt/arm-none-eabi/bin/../lib/gcc/arm-none-eabi/12.2.1/../../../../arm-none-eabi/lib/thumb/v7e-m/nofp/libc_nano.a(libc_a-nano-svfprintf.o)
 .rodata._vfprintf_r.str1.1
                0x00000000080073b9       0x11 /opt/arm-none-eabi/bin/../lib/gcc/arm-none-eabi/12.2.1/../../../../arm-none-eabi/lib/thumb/v7e-m/nofp/libc_nano.a(libc_a-nano-vfprintf.o)
 .rodata._setlocale_r.str1.1
                0x00000000080073b9        0x8 /opt/arm-none-eabi/bin/../lib/gcc/arm-none-eabi/12.2.1/../../../../arm-none-eabi/lib/thumb/v7e-m/nofp/libc_nano.a(libc_a-locale.o)
                                          0x9 (size before relaxing)
 .rodata.str1.1
                0x00000000080073c1        0x2 /opt/arm-none-eabi/bin/../lib/gcc/arm-none-eabi/12.2.1/../../../../arm-none-eabi/lib/thumb/v7e-m/nofp/libc_nano.a(libc_a-locale.o)
 .rodata.__assert_func.str1.1
                0x00000000080073c3       0x3c /opt/arm-none-eabi/bin/../lib/gcc/arm-none-eabi/12.2.1/../../../../arm-none-eabi/lib/thumb/v7e-m/nofp/libc_nano.a(libc_a-assert.o)
                                         0x3d (size before relaxing)
 .rodata._ctype_
                0x00000000080073ff      0x101 /opt/arm-none-eabi/bin/../lib/gcc/arm-none-eabi/12.2.1/../../../../arm-none-eabi/lib/thumb/v7e-m/nofp/libc_nano.a(libc_a-ctype_.o)
                0x00000000080073ff                _ctype_
                0x0000000008007500                . = ALIGN (0x4)

.rel.dyn        0x0000000008007500        0x0
 .rel.iplt      0x0000000008007500        0x0 /opt/arm-none-eabi/bin/../lib/gcc/arm-none-eabi/12.2.1/thumb/v7e-m/nofp/crtbegin.o

.ARM.extab
 *(.ARM.extab* .gnu.linkonce.armextab.*)

.ARM            0x0000000008007500        0x0
                0x0000000008007500                __exidx_start = .
 *(.ARM.exidx*)
                0x0000000008007500                __exidx_end = .

.preinit_array  0x0000000008007500        0x0
                0x0000000008007500                PROVIDE (__preinit_array_start = .)
 *(.preinit_array*)
                0x0000000008007500                PROVIDE (__preinit_array_end = .)

.init_array     0x0000000008007500        0x4
                0x0000000008007500                PROVIDE (__init_array_start = .)
 *(SORT_BY_NAME(.init_array.*))
 *(.init_array*)
 .init_array    0x0000000008007500        0x4 /opt/arm-none-eabi/bin/../lib/gcc/arm-none-eabi/12.2.1/thumb/v7e-m/nofp/crtbegin.o
                0x0000000008007504                PROVIDE (__init_array_end = .)

.fini_array     0x0000000008007504        0x4
                0x0000000008007504                PROVIDE (__fini_array_start = .)
 *(SORT_BY_NAME(.fini_array.*))
 *(.fini_array*)
 .fini_array    0x0000000008007504        0x4 /opt/arm-none-eabi/bin/../lib/gcc/arm-none-eabi/12.2.1/thumb/v7e-m/nofp/crtbegin.o
                0x0000000008007508                PROVIDE (__fini_array_end = .)
                0x0000000008007508                _sidata = LOADADDR (.data)

.data           0x0000000020000000      0x1e8 load address 0x0000000008007508
                0x0000000020000000                . = ALIGN (0x4)
                0x0000000020000000                _sdata = .
 *(.data)
 *(.data*)
 .data.SystemCoreClock
                0x0000000020000000        0x4 build/system_gd32f4xx.o
                0x0000000020000000                SystemCoreClock
 .data.BACK_COLOR
                0x0000000020000004        0x2 build/lcd.o
                0x0000000020000004                BACK_COLOR
 *fill*         0x0000000020000006        0x2 
 .data.BACK     0x0000000020000008        0xa build/main.o
                0x0000000020000008                BACK
 *fill*         0x0000000020000012        0x2 
 .data.POINT    0x0000000020000014        0xa build/main.o
                0x0000000020000014                POINT
 *fill*         0x000000002000001e        0x2 
 .data.__sglue  0x0000000020000020        0xc /opt/arm-none-eabi/bin/../lib/gcc/arm-none-eabi/12.2.1/../../../../arm-none-eabi/lib/thumb/v7e-m/nofp/libc_nano.a(libc_a-findfp.o)
                0x0000000020000020                __sglue
 .data._impure_ptr
                0x000000002000002c        0x4 /opt/arm-none-eabi/bin/../lib/gcc/arm-none-eabi/12.2.1/../../../../arm-none-eabi/lib/thumb/v7e-m/nofp/libc_nano.a(libc_a-impure.o)
                0x000000002000002c                _impure_ptr
 .data._impure_data
                0x0000000020000030       0x4c /opt/arm-none-eabi/bin/../lib/gcc/arm-none-eabi/12.2.1/../../../../arm-none-eabi/lib/thumb/v7e-m/nofp/libc_nano.a(libc_a-impure.o)
                0x0000000020000030                _impure_data
 .data.__global_locale
                0x000000002000007c      0x16c /opt/arm-none-eabi/bin/../lib/gcc/arm-none-eabi/12.2.1/../../../../arm-none-eabi/lib/thumb/v7e-m/nofp/libc_nano.a(libc_a-locale.o)
                0x000000002000007c                __global_locale
                0x00000000200001e8                . = ALIGN (0x4)
                0x00000000200001e8                _edata = .

.igot.plt       0x00000000200001e8        0x0 load address 0x00000000080076f0
 .igot.plt      0x00000000200001e8        0x0 /opt/arm-none-eabi/bin/../lib/gcc/arm-none-eabi/12.2.1/thumb/v7e-m/nofp/crtbegin.o
                0x00000000200001e8                . = ALIGN (0x4)

.bss            0x00000000200001e8      0x18c load address 0x00000000080076f0
                0x00000000200001e8                _sbss = .
                0x00000000200001e8                __bss_start__ = _sbss
 *(.bss)
 *(.bss*)
 .bss.completed.1
                0x00000000200001e8        0x1 /opt/arm-none-eabi/bin/../lib/gcc/arm-none-eabi/12.2.1/thumb/v7e-m/nofp/crtbegin.o
 *fill*         0x00000000200001e9        0x3 
 .bss.object.0  0x00000000200001ec       0x18 /opt/arm-none-eabi/bin/../lib/gcc/arm-none-eabi/12.2.1/thumb/v7e-m/nofp/crtbegin.o
 .bss.lcd_id    0x0000000020000204        0xc build/lcd.o
                0x0000000020000204                lcd_id
 .bss.lcddev    0x0000000020000210        0xe build/lcd.o
                0x0000000020000210                lcddev
 .bss.POINT_COLOR
                0x000000002000021e        0x2 build/lcd.o
                0x000000002000021e                POINT_COLOR
 .bss.delay     0x0000000020000220        0x4 build/systick.o
 .bss.__sf      0x0000000020000224      0x138 /opt/arm-none-eabi/bin/../lib/gcc/arm-none-eabi/12.2.1/../../../../arm-none-eabi/lib/thumb/v7e-m/nofp/libc_nano.a(libc_a-findfp.o)
                0x0000000020000224                __sf
 .bss.__stdio_exit_handler
                0x000000002000035c        0x4 /opt/arm-none-eabi/bin/../lib/gcc/arm-none-eabi/12.2.1/../../../../arm-none-eabi/lib/thumb/v7e-m/nofp/libc_nano.a(libc_a-findfp.o)
                0x000000002000035c                __stdio_exit_handler
 .bss.errno     0x0000000020000360        0x4 /opt/arm-none-eabi/bin/../lib/gcc/arm-none-eabi/12.2.1/../../../../arm-none-eabi/lib/thumb/v7e-m/nofp/libc_nano.a(libc_a-reent.o)
                0x0000000020000360                errno
 .bss.__lock___malloc_recursive_mutex
                0x0000000020000364        0x1 /opt/arm-none-eabi/bin/../lib/gcc/arm-none-eabi/12.2.1/../../../../arm-none-eabi/lib/thumb/v7e-m/nofp/libc_nano.a(libc_a-lock.o)
                0x0000000020000364                __lock___malloc_recursive_mutex
 .bss.__lock___sfp_recursive_mutex
                0x0000000020000365        0x1 /opt/arm-none-eabi/bin/../lib/gcc/arm-none-eabi/12.2.1/../../../../arm-none-eabi/lib/thumb/v7e-m/nofp/libc_nano.a(libc_a-lock.o)
                0x0000000020000365                __lock___sfp_recursive_mutex
 *fill*         0x0000000020000366        0x2 
 .bss.__malloc_sbrk_start
                0x0000000020000368        0x4 /opt/arm-none-eabi/bin/../lib/gcc/arm-none-eabi/12.2.1/../../../../arm-none-eabi/lib/thumb/v7e-m/nofp/libc_nano.a(libc_a-mallocr.o)
                0x0000000020000368                __malloc_sbrk_start
 .bss.__malloc_free_list
                0x000000002000036c        0x4 /opt/arm-none-eabi/bin/../lib/gcc/arm-none-eabi/12.2.1/../../../../arm-none-eabi/lib/thumb/v7e-m/nofp/libc_nano.a(libc_a-mallocr.o)
                0x000000002000036c                __malloc_free_list
 .bss.heap_end.0
                0x0000000020000370        0x4 /opt/arm-none-eabi/bin/../lib/gcc/arm-none-eabi/12.2.1/../../../../arm-none-eabi/lib/thumb/v7e-m/nofp/libnosys.a(sbrk.o)
 *(COMMON)
                0x0000000020000374                . = ALIGN (0x4)
                0x0000000020000374                _ebss = .
                0x0000000020000374                __bss_end__ = _ebss
                0x00000000080076f0                _sitcmram = LOADADDR (.tcmram)

.tcmram         0x0000000010000000        0x0 load address 0x00000000080076f0
                0x0000000010000000                . = ALIGN (0x4)
                0x0000000010000000                _stcmram = .
 *(.tcmram)
 *(.tcmram*)
                0x0000000010000000                . = ALIGN (0x4)
                0x0000000010000000                _etcmram = .

._user_heap_stack
                0x0000000020000374      0x604
                0x0000000020000378                . = ALIGN (0x8)
 *fill*         0x0000000020000374        0x4 
                0x0000000020000378                PROVIDE (end = .)
                [!provide]                        PROVIDE (_end = .)
                0x0000000020000578                . = (. + _Min_Heap_Size)
 *fill*         0x0000000020000378      0x200 
                0x0000000020000978                . = (. + _Min_Stack_Size)
 *fill*         0x0000000020000578      0x400 
                0x0000000020000978                . = ALIGN (0x8)

/DISCARD/
 libc.a(*)
 libm.a(*)
 libgcc.a(*)

.ARM.attributes
                0x0000000000000000       0x2a
 *(.ARM.attributes)
 .ARM.attributes
                0x0000000000000000       0x1e /opt/arm-none-eabi/bin/../lib/gcc/arm-none-eabi/12.2.1/thumb/v7e-m/nofp/crti.o
 .ARM.attributes
                0x000000000000001e       0x2e /opt/arm-none-eabi/bin/../lib/gcc/arm-none-eabi/12.2.1/thumb/v7e-m/nofp/crtbegin.o
 .ARM.attributes
                0x000000000000004c       0x2e build/system_gd32f4xx.o
 .ARM.attributes
                0x000000000000007a       0x2e build/gd32f4xx_gpio.o
 .ARM.attributes
                0x00000000000000a8       0x2e build/gd32f4xx_rcu.o
 .ARM.attributes
                0x00000000000000d6       0x2e build/gd32f4xx_usart.o
 .ARM.attributes
                0x0000000000000104       0x2e build/gd32f4xx_exmc.o
 .ARM.attributes
                0x0000000000000132       0x2e build/key.o
 .ARM.attributes
                0x0000000000000160       0x2e build/led.o
 .ARM.attributes
                0x000000000000018e       0x2e build/lcd.o
 .ARM.attributes
                0x00000000000001bc       0x2e build/usart0.o
 .ARM.attributes
                0x00000000000001ea       0x2e build/gd32f4xx_it.o
 .ARM.attributes
                0x0000000000000218       0x2e build/systick.o
 .ARM.attributes
                0x0000000000000246       0x2e build/main.o
 .ARM.attributes
                0x0000000000000274       0x21 build/startup_gd32f450_470.o
 .ARM.attributes
                0x0000000000000295       0x2e /opt/arm-none-eabi/bin/../lib/gcc/arm-none-eabi/12.2.1/../../../../arm-none-eabi/lib/thumb/v7e-m/nofp/libc_nano.a(libc_a-nano-vfprintf_float.o)
 .ARM.attributes
                0x00000000000002c3       0x2e /opt/arm-none-eabi/bin/../lib/gcc/arm-none-eabi/12.2.1/../../../../arm-none-eabi/lib/thumb/v7e-m/nofp/libc_nano.a(libc_a-nano-vfprintf_i.o)
 .ARM.attributes
                0x00000000000002f1       0x2e /opt/arm-none-eabi/bin/../lib/gcc/arm-none-eabi/12.2.1/../../../../arm-none-eabi/lib/thumb/v7e-m/nofp/libc_nano.a(libc_a-findfp.o)
 .ARM.attributes
                0x000000000000031f       0x2e /opt/arm-none-eabi/bin/../lib/gcc/arm-none-eabi/12.2.1/../../../../arm-none-eabi/lib/thumb/v7e-m/nofp/libc_nano.a(libc_a-fwalk.o)
 .ARM.attributes
                0x000000000000034d       0x2e /opt/arm-none-eabi/bin/../lib/gcc/arm-none-eabi/12.2.1/../../../../arm-none-eabi/lib/thumb/v7e-m/nofp/libc_nano.a(libc_a-printf.o)
 .ARM.attributes
                0x000000000000037b       0x2e /opt/arm-none-eabi/bin/../lib/gcc/arm-none-eabi/12.2.1/../../../../arm-none-eabi/lib/thumb/v7e-m/nofp/libc_nano.a(libc_a-puts.o)
 .ARM.attributes
                0x00000000000003a9       0x2e /opt/arm-none-eabi/bin/../lib/gcc/arm-none-eabi/12.2.1/../../../../arm-none-eabi/lib/thumb/v7e-m/nofp/libc_nano.a(libc_a-sprintf.o)
 .ARM.attributes
                0x00000000000003d7       0x2e /opt/arm-none-eabi/bin/../lib/gcc/arm-none-eabi/12.2.1/../../../../arm-none-eabi/lib/thumb/v7e-m/nofp/libc_nano.a(libc_a-stdio.o)
 .ARM.attributes
                0x0000000000000405       0x2e /opt/arm-none-eabi/bin/../lib/gcc/arm-none-eabi/12.2.1/../../../../arm-none-eabi/lib/thumb/v7e-m/nofp/libc_nano.a(libc_a-wbuf.o)
 .ARM.attributes
                0x0000000000000433       0x2e /opt/arm-none-eabi/bin/../lib/gcc/arm-none-eabi/12.2.1/../../../../arm-none-eabi/lib/thumb/v7e-m/nofp/libc_nano.a(libc_a-wsetup.o)
 .ARM.attributes
                0x0000000000000461       0x2e /opt/arm-none-eabi/bin/../lib/gcc/arm-none-eabi/12.2.1/../../../../arm-none-eabi/lib/thumb/v7e-m/nofp/libc_nano.a(libc_a-memset.o)
 .ARM.attributes
                0x000000000000048f       0x2e /opt/arm-none-eabi/bin/../lib/gcc/arm-none-eabi/12.2.1/../../../../arm-none-eabi/lib/thumb/v7e-m/nofp/libc_nano.a(libc_a-localeconv.o)
 .ARM.attributes
                0x00000000000004bd       0x2e /opt/arm-none-eabi/bin/../lib/gcc/arm-none-eabi/12.2.1/../../../../arm-none-eabi/lib/thumb/v7e-m/nofp/libc_nano.a(libc_a-closer.o)
 .ARM.attributes
                0x00000000000004eb       0x2e /opt/arm-none-eabi/bin/../lib/gcc/arm-none-eabi/12.2.1/../../../../arm-none-eabi/lib/thumb/v7e-m/nofp/libc_nano.a(libc_a-reent.o)
 .ARM.attributes
                0x0000000000000519       0x2e /opt/arm-none-eabi/bin/../lib/gcc/arm-none-eabi/12.2.1/../../../../arm-none-eabi/lib/thumb/v7e-m/nofp/libc_nano.a(libc_a-impure.o)
 .ARM.attributes
                0x0000000000000547       0x2e /opt/arm-none-eabi/bin/../lib/gcc/arm-none-eabi/12.2.1/../../../../arm-none-eabi/lib/thumb/v7e-m/nofp/libc_nano.a(libc_a-lseekr.o)
 .ARM.attributes
                0x0000000000000575       0x2e /opt/arm-none-eabi/bin/../lib/gcc/arm-none-eabi/12.2.1/../../../../arm-none-eabi/lib/thumb/v7e-m/nofp/libc_nano.a(libc_a-readr.o)
 .ARM.attributes
                0x00000000000005a3       0x2e /opt/arm-none-eabi/bin/../lib/gcc/arm-none-eabi/12.2.1/../../../../arm-none-eabi/lib/thumb/v7e-m/nofp/libc_nano.a(libc_a-writer.o)
 .ARM.attributes
                0x00000000000005d1       0x2e /opt/arm-none-eabi/bin/../lib/gcc/arm-none-eabi/12.2.1/../../../../arm-none-eabi/lib/thumb/v7e-m/nofp/libc_nano.a(libc_a-init.o)
 .ARM.attributes
                0x00000000000005ff       0x2e /opt/arm-none-eabi/bin/../lib/gcc/arm-none-eabi/12.2.1/../../../../arm-none-eabi/lib/thumb/v7e-m/nofp/libc_nano.a(libc_a-lock.o)
 .ARM.attributes
                0x000000000000062d       0x1c /opt/arm-none-eabi/bin/../lib/gcc/arm-none-eabi/12.2.1/../../../../arm-none-eabi/lib/thumb/v7e-m/nofp/libc_nano.a(libc_a-memchr.o)
 .ARM.attributes
                0x0000000000000649       0x17 /opt/arm-none-eabi/bin/../lib/gcc/arm-none-eabi/12.2.1/../../../../arm-none-eabi/lib/thumb/v7e-m/nofp/libc_nano.a(libc_a-strlen.o)
 .ARM.attributes
                0x0000000000000660       0x2e /opt/arm-none-eabi/bin/../lib/gcc/arm-none-eabi/12.2.1/../../../../arm-none-eabi/lib/thumb/v7e-m/nofp/libc_nano.a(libc_a-dtoa.o)
 .ARM.attributes
                0x000000000000068e       0x2e /opt/arm-none-eabi/bin/../lib/gcc/arm-none-eabi/12.2.1/../../../../arm-none-eabi/lib/thumb/v7e-m/nofp/libc_nano.a(libc_a-freer.o)
 .ARM.attributes
                0x00000000000006bc       0x2e /opt/arm-none-eabi/bin/../lib/gcc/arm-none-eabi/12.2.1/../../../../arm-none-eabi/lib/thumb/v7e-m/nofp/libc_nano.a(libc_a-malloc.o)
 .ARM.attributes
                0x00000000000006ea       0x2e /opt/arm-none-eabi/bin/../lib/gcc/arm-none-eabi/12.2.1/../../../../arm-none-eabi/lib/thumb/v7e-m/nofp/libc_nano.a(libc_a-mallocr.o)
 .ARM.attributes
                0x0000000000000718       0x2e /opt/arm-none-eabi/bin/../lib/gcc/arm-none-eabi/12.2.1/../../../../arm-none-eabi/lib/thumb/v7e-m/nofp/libc_nano.a(libc_a-mlock.o)
 .ARM.attributes
                0x0000000000000746       0x2e /opt/arm-none-eabi/bin/../lib/gcc/arm-none-eabi/12.2.1/../../../../arm-none-eabi/lib/thumb/v7e-m/nofp/libc_nano.a(libc_a-mprec.o)
 .ARM.attributes
                0x0000000000000774       0x2e /opt/arm-none-eabi/bin/../lib/gcc/arm-none-eabi/12.2.1/../../../../arm-none-eabi/lib/thumb/v7e-m/nofp/libc_nano.a(libc_a-nano-svfprintf.o)
 .ARM.attributes
                0x00000000000007a2       0x2e /opt/arm-none-eabi/bin/../lib/gcc/arm-none-eabi/12.2.1/../../../../arm-none-eabi/lib/thumb/v7e-m/nofp/libc_nano.a(libc_a-nano-vfprintf.o)
 .ARM.attributes
                0x00000000000007d0       0x2e /opt/arm-none-eabi/bin/../lib/gcc/arm-none-eabi/12.2.1/../../../../arm-none-eabi/lib/thumb/v7e-m/nofp/libc_nano.a(libc_a-fflush.o)
 .ARM.attributes
                0x00000000000007fe       0x2e /opt/arm-none-eabi/bin/../lib/gcc/arm-none-eabi/12.2.1/../../../../arm-none-eabi/lib/thumb/v7e-m/nofp/libc_nano.a(libc_a-makebuf.o)
 .ARM.attributes
                0x000000000000082c       0x2e /opt/arm-none-eabi/bin/../lib/gcc/arm-none-eabi/12.2.1/../../../../arm-none-eabi/lib/thumb/v7e-m/nofp/libc_nano.a(libc_a-memmove.o)
 .ARM.attributes
                0x000000000000085a       0x2e /opt/arm-none-eabi/bin/../lib/gcc/arm-none-eabi/12.2.1/../../../../arm-none-eabi/lib/thumb/v7e-m/nofp/libc_nano.a(libc_a-locale.o)
 .ARM.attributes
                0x0000000000000888       0x2e /opt/arm-none-eabi/bin/../lib/gcc/arm-none-eabi/12.2.1/../../../../arm-none-eabi/lib/thumb/v7e-m/nofp/libc_nano.a(libc_a-fstatr.o)
 .ARM.attributes
                0x00000000000008b6       0x2e /opt/arm-none-eabi/bin/../lib/gcc/arm-none-eabi/12.2.1/../../../../arm-none-eabi/lib/thumb/v7e-m/nofp/libc_nano.a(libc_a-isattyr.o)
 .ARM.attributes
                0x00000000000008e4       0x2e /opt/arm-none-eabi/bin/../lib/gcc/arm-none-eabi/12.2.1/../../../../arm-none-eabi/lib/thumb/v7e-m/nofp/libc_nano.a(libc_a-sbrkr.o)
 .ARM.attributes
                0x0000000000000912       0x2e /opt/arm-none-eabi/bin/../lib/gcc/arm-none-eabi/12.2.1/../../../../arm-none-eabi/lib/thumb/v7e-m/nofp/libc_nano.a(libc_a-memcpy-stub.o)
 .ARM.attributes
                0x0000000000000940       0x2e /opt/arm-none-eabi/bin/../lib/gcc/arm-none-eabi/12.2.1/../../../../arm-none-eabi/lib/thumb/v7e-m/nofp/libc_nano.a(libc_a-assert.o)
 .ARM.attributes
                0x000000000000096e       0x2e /opt/arm-none-eabi/bin/../lib/gcc/arm-none-eabi/12.2.1/../../../../arm-none-eabi/lib/thumb/v7e-m/nofp/libc_nano.a(libc_a-callocr.o)
 .ARM.attributes
                0x000000000000099c       0x2e /opt/arm-none-eabi/bin/../lib/gcc/arm-none-eabi/12.2.1/../../../../arm-none-eabi/lib/thumb/v7e-m/nofp/libc_nano.a(libc_a-mbtowc_r.o)
 .ARM.attributes
                0x00000000000009ca       0x2e /opt/arm-none-eabi/bin/../lib/gcc/arm-none-eabi/12.2.1/../../../../arm-none-eabi/lib/thumb/v7e-m/nofp/libc_nano.a(libc_a-reallocr.o)
 .ARM.attributes
                0x00000000000009f8       0x2e /opt/arm-none-eabi/bin/../lib/gcc/arm-none-eabi/12.2.1/../../../../arm-none-eabi/lib/thumb/v7e-m/nofp/libc_nano.a(libc_a-wctomb_r.o)
 .ARM.attributes
                0x0000000000000a26       0x2e /opt/arm-none-eabi/bin/../lib/gcc/arm-none-eabi/12.2.1/../../../../arm-none-eabi/lib/thumb/v7e-m/nofp/libc_nano.a(libc_a-ctype_.o)
 .ARM.attributes
                0x0000000000000a54       0x2e /opt/arm-none-eabi/bin/../lib/gcc/arm-none-eabi/12.2.1/../../../../arm-none-eabi/lib/thumb/v7e-m/nofp/libc_nano.a(libc_a-fprintf.o)
 .ARM.attributes
                0x0000000000000a82       0x2e /opt/arm-none-eabi/bin/../lib/gcc/arm-none-eabi/12.2.1/../../../../arm-none-eabi/lib/thumb/v7e-m/nofp/libc_nano.a(libc_a-abort.o)
 .ARM.attributes
                0x0000000000000ab0       0x2e /opt/arm-none-eabi/bin/../lib/gcc/arm-none-eabi/12.2.1/../../../../arm-none-eabi/lib/thumb/v7e-m/nofp/libc_nano.a(libc_a-msizer.o)
 .ARM.attributes
                0x0000000000000ade       0x2e /opt/arm-none-eabi/bin/../lib/gcc/arm-none-eabi/12.2.1/../../../../arm-none-eabi/lib/thumb/v7e-m/nofp/libc_nano.a(libc_a-signal.o)
 .ARM.attributes
                0x0000000000000b0c       0x2e /opt/arm-none-eabi/bin/../lib/gcc/arm-none-eabi/12.2.1/../../../../arm-none-eabi/lib/thumb/v7e-m/nofp/libc_nano.a(libc_a-signalr.o)
 .ARM.attributes
                0x0000000000000b3a       0x2e /opt/arm-none-eabi/bin/../lib/gcc/arm-none-eabi/12.2.1/../../../../arm-none-eabi/lib/thumb/v7e-m/nofp/libnosys.a(close.o)
 .ARM.attributes
                0x0000000000000b68       0x2e /opt/arm-none-eabi/bin/../lib/gcc/arm-none-eabi/12.2.1/../../../../arm-none-eabi/lib/thumb/v7e-m/nofp/libnosys.a(fstat.o)
 .ARM.attributes
                0x0000000000000b96       0x2e /opt/arm-none-eabi/bin/../lib/gcc/arm-none-eabi/12.2.1/../../../../arm-none-eabi/lib/thumb/v7e-m/nofp/libnosys.a(getpid.o)
 .ARM.attributes
                0x0000000000000bc4       0x2e /opt/arm-none-eabi/bin/../lib/gcc/arm-none-eabi/12.2.1/../../../../arm-none-eabi/lib/thumb/v7e-m/nofp/libnosys.a(isatty.o)
 .ARM.attributes
                0x0000000000000bf2       0x2e /opt/arm-none-eabi/bin/../lib/gcc/arm-none-eabi/12.2.1/../../../../arm-none-eabi/lib/thumb/v7e-m/nofp/libnosys.a(kill.o)
 .ARM.attributes
                0x0000000000000c20       0x2e /opt/arm-none-eabi/bin/../lib/gcc/arm-none-eabi/12.2.1/../../../../arm-none-eabi/lib/thumb/v7e-m/nofp/libnosys.a(lseek.o)
 .ARM.attributes
                0x0000000000000c4e       0x2e /opt/arm-none-eabi/bin/../lib/gcc/arm-none-eabi/12.2.1/../../../../arm-none-eabi/lib/thumb/v7e-m/nofp/libnosys.a(read.o)
 .ARM.attributes
                0x0000000000000c7c       0x2e /opt/arm-none-eabi/bin/../lib/gcc/arm-none-eabi/12.2.1/../../../../arm-none-eabi/lib/thumb/v7e-m/nofp/libnosys.a(sbrk.o)
 .ARM.attributes
                0x0000000000000caa       0x2e /opt/arm-none-eabi/bin/../lib/gcc/arm-none-eabi/12.2.1/../../../../arm-none-eabi/lib/thumb/v7e-m/nofp/libnosys.a(write.o)
 .ARM.attributes
                0x0000000000000cd8       0x2e /opt/arm-none-eabi/bin/../lib/gcc/arm-none-eabi/12.2.1/../../../../arm-none-eabi/lib/thumb/v7e-m/nofp/libnosys.a(_exit.o)
 .ARM.attributes
                0x0000000000000d06       0x1e /opt/arm-none-eabi/bin/../lib/gcc/arm-none-eabi/12.2.1/thumb/v7e-m/nofp/libgcc.a(_arm_addsubdf3.o)
 .ARM.attributes
                0x0000000000000d24       0x1e /opt/arm-none-eabi/bin/../lib/gcc/arm-none-eabi/12.2.1/thumb/v7e-m/nofp/libgcc.a(_arm_muldivdf3.o)
 .ARM.attributes
                0x0000000000000d42       0x1e /opt/arm-none-eabi/bin/../lib/gcc/arm-none-eabi/12.2.1/thumb/v7e-m/nofp/libgcc.a(_arm_cmpdf2.o)
 .ARM.attributes
                0x0000000000000d60       0x1e /opt/arm-none-eabi/bin/../lib/gcc/arm-none-eabi/12.2.1/thumb/v7e-m/nofp/libgcc.a(_arm_unorddf2.o)
 .ARM.attributes
                0x0000000000000d7e       0x1e /opt/arm-none-eabi/bin/../lib/gcc/arm-none-eabi/12.2.1/thumb/v7e-m/nofp/libgcc.a(_arm_fixdfsi.o)
 .ARM.attributes
                0x0000000000000d9c       0x1e /opt/arm-none-eabi/bin/../lib/gcc/arm-none-eabi/12.2.1/thumb/v7e-m/nofp/crtn.o
OUTPUT(build/gd32f470zgt6.elf elf32-littlearm)
LOAD linker stubs
LOAD /opt/arm-none-eabi/bin/../lib/gcc/arm-none-eabi/12.2.1/../../../../arm-none-eabi/lib/thumb/v7e-m/nofp/libc.a
LOAD /opt/arm-none-eabi/bin/../lib/gcc/arm-none-eabi/12.2.1/../../../../arm-none-eabi/lib/thumb/v7e-m/nofp/libm.a
LOAD /opt/arm-none-eabi/bin/../lib/gcc/arm-none-eabi/12.2.1/thumb/v7e-m/nofp/libgcc.a

.comment        0x0000000000000000       0x39
 .comment       0x0000000000000000       0x39 /opt/arm-none-eabi/bin/../lib/gcc/arm-none-eabi/12.2.1/thumb/v7e-m/nofp/crtbegin.o
                                         0x3a (size before relaxing)
 .comment       0x0000000000000039       0x3a build/system_gd32f4xx.o
 .comment       0x0000000000000039       0x3a build/gd32f4xx_gpio.o
 .comment       0x0000000000000039       0x3a build/gd32f4xx_rcu.o
 .comment       0x0000000000000039       0x3a build/gd32f4xx_usart.o
 .comment       0x0000000000000039       0x3a build/gd32f4xx_exmc.o
 .comment       0x0000000000000039       0x3a build/key.o
 .comment       0x0000000000000039       0x3a build/led.o
 .comment       0x0000000000000039       0x3a build/lcd.o
 .comment       0x0000000000000039       0x3a build/usart0.o
 .comment       0x0000000000000039       0x3a build/gd32f4xx_it.o
 .comment       0x0000000000000039       0x3a build/systick.o
 .comment       0x0000000000000039       0x3a build/main.o
 .comment       0x0000000000000039       0x3a /opt/arm-none-eabi/bin/../lib/gcc/arm-none-eabi/12.2.1/../../../../arm-none-eabi/lib/thumb/v7e-m/nofp/libc_nano.a(libc_a-nano-vfprintf_float.o)
 .comment       0x0000000000000039       0x3a /opt/arm-none-eabi/bin/../lib/gcc/arm-none-eabi/12.2.1/../../../../arm-none-eabi/lib/thumb/v7e-m/nofp/libc_nano.a(libc_a-nano-vfprintf_i.o)
 .comment       0x0000000000000039       0x3a /opt/arm-none-eabi/bin/../lib/gcc/arm-none-eabi/12.2.1/../../../../arm-none-eabi/lib/thumb/v7e-m/nofp/libc_nano.a(libc_a-findfp.o)
 .comment       0x0000000000000039       0x3a /opt/arm-none-eabi/bin/../lib/gcc/arm-none-eabi/12.2.1/../../../../arm-none-eabi/lib/thumb/v7e-m/nofp/libc_nano.a(libc_a-fwalk.o)
 .comment       0x0000000000000039       0x3a /opt/arm-none-eabi/bin/../lib/gcc/arm-none-eabi/12.2.1/../../../../arm-none-eabi/lib/thumb/v7e-m/nofp/libc_nano.a(libc_a-printf.o)
 .comment       0x0000000000000039       0x3a /opt/arm-none-eabi/bin/../lib/gcc/arm-none-eabi/12.2.1/../../../../arm-none-eabi/lib/thumb/v7e-m/nofp/libc_nano.a(libc_a-puts.o)
 .comment       0x0000000000000039       0x3a /opt/arm-none-eabi/bin/../lib/gcc/arm-none-eabi/12.2.1/../../../../arm-none-eabi/lib/thumb/v7e-m/nofp/libc_nano.a(libc_a-sprintf.o)
 .comment       0x0000000000000039       0x3a /opt/arm-none-eabi/bin/../lib/gcc/arm-none-eabi/12.2.1/../../../../arm-none-eabi/lib/thumb/v7e-m/nofp/libc_nano.a(libc_a-stdio.o)
 .comment       0x0000000000000039       0x3a /opt/arm-none-eabi/bin/../lib/gcc/arm-none-eabi/12.2.1/../../../../arm-none-eabi/lib/thumb/v7e-m/nofp/libc_nano.a(libc_a-wbuf.o)
 .comment       0x0000000000000039       0x3a /opt/arm-none-eabi/bin/../lib/gcc/arm-none-eabi/12.2.1/../../../../arm-none-eabi/lib/thumb/v7e-m/nofp/libc_nano.a(libc_a-wsetup.o)
 .comment       0x0000000000000039       0x3a /opt/arm-none-eabi/bin/../lib/gcc/arm-none-eabi/12.2.1/../../../../arm-none-eabi/lib/thumb/v7e-m/nofp/libc_nano.a(libc_a-memset.o)
 .comment       0x0000000000000039       0x3a /opt/arm-none-eabi/bin/../lib/gcc/arm-none-eabi/12.2.1/../../../../arm-none-eabi/lib/thumb/v7e-m/nofp/libc_nano.a(libc_a-localeconv.o)
 .comment       0x0000000000000039       0x3a /opt/arm-none-eabi/bin/../lib/gcc/arm-none-eabi/12.2.1/../../../../arm-none-eabi/lib/thumb/v7e-m/nofp/libc_nano.a(libc_a-closer.o)
 .comment       0x0000000000000039       0x3a /opt/arm-none-eabi/bin/../lib/gcc/arm-none-eabi/12.2.1/../../../../arm-none-eabi/lib/thumb/v7e-m/nofp/libc_nano.a(libc_a-reent.o)
 .comment       0x0000000000000039       0x3a /opt/arm-none-eabi/bin/../lib/gcc/arm-none-eabi/12.2.1/../../../../arm-none-eabi/lib/thumb/v7e-m/nofp/libc_nano.a(libc_a-impure.o)
 .comment       0x0000000000000039       0x3a /opt/arm-none-eabi/bin/../lib/gcc/arm-none-eabi/12.2.1/../../../../arm-none-eabi/lib/thumb/v7e-m/nofp/libc_nano.a(libc_a-lseekr.o)
 .comment       0x0000000000000039       0x3a /opt/arm-none-eabi/bin/../lib/gcc/arm-none-eabi/12.2.1/../../../../arm-none-eabi/lib/thumb/v7e-m/nofp/libc_nano.a(libc_a-readr.o)
 .comment       0x0000000000000039       0x3a /opt/arm-none-eabi/bin/../lib/gcc/arm-none-eabi/12.2.1/../../../../arm-none-eabi/lib/thumb/v7e-m/nofp/libc_nano.a(libc_a-writer.o)
 .comment       0x0000000000000039       0x3a /opt/arm-none-eabi/bin/../lib/gcc/arm-none-eabi/12.2.1/../../../../arm-none-eabi/lib/thumb/v7e-m/nofp/libc_nano.a(libc_a-init.o)
 .comment       0x0000000000000039       0x3a /opt/arm-none-eabi/bin/../lib/gcc/arm-none-eabi/12.2.1/../../../../arm-none-eabi/lib/thumb/v7e-m/nofp/libc_nano.a(libc_a-lock.o)
 .comment       0x0000000000000039       0x3a /opt/arm-none-eabi/bin/../lib/gcc/arm-none-eabi/12.2.1/../../../../arm-none-eabi/lib/thumb/v7e-m/nofp/libc_nano.a(libc_a-dtoa.o)
 .comment       0x0000000000000039       0x3a /opt/arm-none-eabi/bin/../lib/gcc/arm-none-eabi/12.2.1/../../../../arm-none-eabi/lib/thumb/v7e-m/nofp/libc_nano.a(libc_a-freer.o)
 .comment       0x0000000000000039       0x3a /opt/arm-none-eabi/bin/../lib/gcc/arm-none-eabi/12.2.1/../../../../arm-none-eabi/lib/thumb/v7e-m/nofp/libc_nano.a(libc_a-malloc.o)
 .comment       0x0000000000000039       0x3a /opt/arm-none-eabi/bin/../lib/gcc/arm-none-eabi/12.2.1/../../../../arm-none-eabi/lib/thumb/v7e-m/nofp/libc_nano.a(libc_a-mallocr.o)
 .comment       0x0000000000000039       0x3a /opt/arm-none-eabi/bin/../lib/gcc/arm-none-eabi/12.2.1/../../../../arm-none-eabi/lib/thumb/v7e-m/nofp/libc_nano.a(libc_a-mlock.o)
 .comment       0x0000000000000039       0x3a /opt/arm-none-eabi/bin/../lib/gcc/arm-none-eabi/12.2.1/../../../../arm-none-eabi/lib/thumb/v7e-m/nofp/libc_nano.a(libc_a-mprec.o)
 .comment       0x0000000000000039       0x3a /opt/arm-none-eabi/bin/../lib/gcc/arm-none-eabi/12.2.1/../../../../arm-none-eabi/lib/thumb/v7e-m/nofp/libc_nano.a(libc_a-nano-svfprintf.o)
 .comment       0x0000000000000039       0x3a /opt/arm-none-eabi/bin/../lib/gcc/arm-none-eabi/12.2.1/../../../../arm-none-eabi/lib/thumb/v7e-m/nofp/libc_nano.a(libc_a-nano-vfprintf.o)
 .comment       0x0000000000000039       0x3a /opt/arm-none-eabi/bin/../lib/gcc/arm-none-eabi/12.2.1/../../../../arm-none-eabi/lib/thumb/v7e-m/nofp/libc_nano.a(libc_a-fflush.o)
 .comment       0x0000000000000039       0x3a /opt/arm-none-eabi/bin/../lib/gcc/arm-none-eabi/12.2.1/../../../../arm-none-eabi/lib/thumb/v7e-m/nofp/libc_nano.a(libc_a-makebuf.o)
 .comment       0x0000000000000039       0x3a /opt/arm-none-eabi/bin/../lib/gcc/arm-none-eabi/12.2.1/../../../../arm-none-eabi/lib/thumb/v7e-m/nofp/libc_nano.a(libc_a-memmove.o)
 .comment       0x0000000000000039       0x3a /opt/arm-none-eabi/bin/../lib/gcc/arm-none-eabi/12.2.1/../../../../arm-none-eabi/lib/thumb/v7e-m/nofp/libc_nano.a(libc_a-locale.o)
 .comment       0x0000000000000039       0x3a /opt/arm-none-eabi/bin/../lib/gcc/arm-none-eabi/12.2.1/../../../../arm-none-eabi/lib/thumb/v7e-m/nofp/libc_nano.a(libc_a-fstatr.o)
 .comment       0x0000000000000039       0x3a /opt/arm-none-eabi/bin/../lib/gcc/arm-none-eabi/12.2.1/../../../../arm-none-eabi/lib/thumb/v7e-m/nofp/libc_nano.a(libc_a-isattyr.o)
 .comment       0x0000000000000039       0x3a /opt/arm-none-eabi/bin/../lib/gcc/arm-none-eabi/12.2.1/../../../../arm-none-eabi/lib/thumb/v7e-m/nofp/libc_nano.a(libc_a-sbrkr.o)
 .comment       0x0000000000000039       0x3a /opt/arm-none-eabi/bin/../lib/gcc/arm-none-eabi/12.2.1/../../../../arm-none-eabi/lib/thumb/v7e-m/nofp/libc_nano.a(libc_a-memcpy-stub.o)
 .comment       0x0000000000000039       0x3a /opt/arm-none-eabi/bin/../lib/gcc/arm-none-eabi/12.2.1/../../../../arm-none-eabi/lib/thumb/v7e-m/nofp/libc_nano.a(libc_a-assert.o)
 .comment       0x0000000000000039       0x3a /opt/arm-none-eabi/bin/../lib/gcc/arm-none-eabi/12.2.1/../../../../arm-none-eabi/lib/thumb/v7e-m/nofp/libc_nano.a(libc_a-callocr.o)
 .comment       0x0000000000000039       0x3a /opt/arm-none-eabi/bin/../lib/gcc/arm-none-eabi/12.2.1/../../../../arm-none-eabi/lib/thumb/v7e-m/nofp/libc_nano.a(libc_a-mbtowc_r.o)
 .comment       0x0000000000000039       0x3a /opt/arm-none-eabi/bin/../lib/gcc/arm-none-eabi/12.2.1/../../../../arm-none-eabi/lib/thumb/v7e-m/nofp/libc_nano.a(libc_a-reallocr.o)
 .comment       0x0000000000000039       0x3a /opt/arm-none-eabi/bin/../lib/gcc/arm-none-eabi/12.2.1/../../../../arm-none-eabi/lib/thumb/v7e-m/nofp/libc_nano.a(libc_a-wctomb_r.o)
 .comment       0x0000000000000039       0x3a /opt/arm-none-eabi/bin/../lib/gcc/arm-none-eabi/12.2.1/../../../../arm-none-eabi/lib/thumb/v7e-m/nofp/libc_nano.a(libc_a-ctype_.o)
 .comment       0x0000000000000039       0x3a /opt/arm-none-eabi/bin/../lib/gcc/arm-none-eabi/12.2.1/../../../../arm-none-eabi/lib/thumb/v7e-m/nofp/libc_nano.a(libc_a-fprintf.o)
 .comment       0x0000000000000039       0x3a /opt/arm-none-eabi/bin/../lib/gcc/arm-none-eabi/12.2.1/../../../../arm-none-eabi/lib/thumb/v7e-m/nofp/libc_nano.a(libc_a-abort.o)
 .comment       0x0000000000000039       0x3a /opt/arm-none-eabi/bin/../lib/gcc/arm-none-eabi/12.2.1/../../../../arm-none-eabi/lib/thumb/v7e-m/nofp/libc_nano.a(libc_a-msizer.o)
 .comment       0x0000000000000039       0x3a /opt/arm-none-eabi/bin/../lib/gcc/arm-none-eabi/12.2.1/../../../../arm-none-eabi/lib/thumb/v7e-m/nofp/libc_nano.a(libc_a-signal.o)
 .comment       0x0000000000000039       0x3a /opt/arm-none-eabi/bin/../lib/gcc/arm-none-eabi/12.2.1/../../../../arm-none-eabi/lib/thumb/v7e-m/nofp/libc_nano.a(libc_a-signalr.o)
 .comment       0x0000000000000039       0x3a /opt/arm-none-eabi/bin/../lib/gcc/arm-none-eabi/12.2.1/../../../../arm-none-eabi/lib/thumb/v7e-m/nofp/libnosys.a(close.o)
 .comment       0x0000000000000039       0x3a /opt/arm-none-eabi/bin/../lib/gcc/arm-none-eabi/12.2.1/../../../../arm-none-eabi/lib/thumb/v7e-m/nofp/libnosys.a(fstat.o)
 .comment       0x0000000000000039       0x3a /opt/arm-none-eabi/bin/../lib/gcc/arm-none-eabi/12.2.1/../../../../arm-none-eabi/lib/thumb/v7e-m/nofp/libnosys.a(getpid.o)
 .comment       0x0000000000000039       0x3a /opt/arm-none-eabi/bin/../lib/gcc/arm-none-eabi/12.2.1/../../../../arm-none-eabi/lib/thumb/v7e-m/nofp/libnosys.a(isatty.o)
 .comment       0x0000000000000039       0x3a /opt/arm-none-eabi/bin/../lib/gcc/arm-none-eabi/12.2.1/../../../../arm-none-eabi/lib/thumb/v7e-m/nofp/libnosys.a(kill.o)
 .comment       0x0000000000000039       0x3a /opt/arm-none-eabi/bin/../lib/gcc/arm-none-eabi/12.2.1/../../../../arm-none-eabi/lib/thumb/v7e-m/nofp/libnosys.a(lseek.o)
 .comment       0x0000000000000039       0x3a /opt/arm-none-eabi/bin/../lib/gcc/arm-none-eabi/12.2.1/../../../../arm-none-eabi/lib/thumb/v7e-m/nofp/libnosys.a(read.o)
 .comment       0x0000000000000039       0x3a /opt/arm-none-eabi/bin/../lib/gcc/arm-none-eabi/12.2.1/../../../../arm-none-eabi/lib/thumb/v7e-m/nofp/libnosys.a(sbrk.o)
 .comment       0x0000000000000039       0x3a /opt/arm-none-eabi/bin/../lib/gcc/arm-none-eabi/12.2.1/../../../../arm-none-eabi/lib/thumb/v7e-m/nofp/libnosys.a(write.o)
 .comment       0x0000000000000039       0x3a /opt/arm-none-eabi/bin/../lib/gcc/arm-none-eabi/12.2.1/../../../../arm-none-eabi/lib/thumb/v7e-m/nofp/libnosys.a(_exit.o)

Cross Reference Table

Symbol                                            File
ADC_IRQHandler                                    build/startup_gd32f450_470.o
BACK                                              build/main.o
BACK_COLOR                                        build/lcd.o
                                                  build/main.o
BlockWrite                                        build/lcd.o
BusFault_Handler                                  build/gd32f4xx_it.o
CAN0_EWMC_IRQHandler                              build/startup_gd32f450_470.o
CAN0_RX0_IRQHandler                               build/startup_gd32f450_470.o
CAN0_RX1_IRQHandler                               build/startup_gd32f450_470.o
CAN0_TX_IRQHandler                                build/startup_gd32f450_470.o
CAN1_EWMC_IRQHandler                              build/startup_gd32f450_470.o
CAN1_RX0_IRQHandler                               build/startup_gd32f450_470.o
CAN1_RX1_IRQHandler                               build/startup_gd32f450_470.o
CAN1_TX_IRQHandler                                build/startup_gd32f450_470.o
DCI_IRQHandler                                    build/startup_gd32f450_470.o
DMA0_Channel0_IRQHandler                          build/startup_gd32f450_470.o
DMA0_Channel1_IRQHandler                          build/startup_gd32f450_470.o
DMA0_Channel2_IRQHandler                          build/startup_gd32f450_470.o
DMA0_Channel3_IRQHandler                          build/startup_gd32f450_470.o
DMA0_Channel4_IRQHandler                          build/startup_gd32f450_470.o
DMA0_Channel5_IRQHandler                          build/startup_gd32f450_470.o
DMA0_Channel6_IRQHandler                          build/startup_gd32f450_470.o
DMA0_Channel7_IRQHandler                          build/startup_gd32f450_470.o
DMA1_Channel0_IRQHandler                          build/startup_gd32f450_470.o
DMA1_Channel1_IRQHandler                          build/startup_gd32f450_470.o
DMA1_Channel2_IRQHandler                          build/startup_gd32f450_470.o
DMA1_Channel3_IRQHandler                          build/startup_gd32f450_470.o
DMA1_Channel4_IRQHandler                          build/startup_gd32f450_470.o
DMA1_Channel5_IRQHandler                          build/startup_gd32f450_470.o
DMA1_Channel6_IRQHandler                          build/startup_gd32f450_470.o
DMA1_Channel7_IRQHandler                          build/startup_gd32f450_470.o
DebugMon_Handler                                  build/gd32f4xx_it.o
Default_Handler                                   build/startup_gd32f450_470.o
ENET_IRQHandler                                   build/startup_gd32f450_470.o
ENET_WKUP_IRQHandler                              build/startup_gd32f450_470.o
EXMC_IRQHandler                                   build/startup_gd32f450_470.o
EXTI0_IRQHandler                                  build/startup_gd32f450_470.o
EXTI10_15_IRQHandler                              build/startup_gd32f450_470.o
EXTI1_IRQHandler                                  build/startup_gd32f450_470.o
EXTI2_IRQHandler                                  build/startup_gd32f450_470.o
EXTI3_IRQHandler                                  build/startup_gd32f450_470.o
EXTI4_IRQHandler                                  build/startup_gd32f450_470.o
EXTI5_9_IRQHandler                                build/startup_gd32f450_470.o
FMC_IRQHandler                                    build/startup_gd32f450_470.o
FPU_IRQHandler                                    build/startup_gd32f450_470.o
HardFault_Handler                                 build/gd32f4xx_it.o
I2C0_ER_IRQHandler                                build/startup_gd32f450_470.o
I2C0_EV_IRQHandler                                build/startup_gd32f450_470.o
I2C1_ER_IRQHandler                                build/startup_gd32f450_470.o
I2C1_EV_IRQHandler                                build/startup_gd32f450_470.o
I2C2_ER_IRQHandler                                build/startup_gd32f450_470.o
I2C2_EV_IRQHandler                                build/startup_gd32f450_470.o
IPA_IRQHandler                                    build/startup_gd32f450_470.o
LCD_Clear                                         build/lcd.o
                                                  build/main.o
LCD_CtrlLinesConfig                               build/lcd.o
LCD_DrawPoint                                     build/lcd.o
LCD_FSMCConfig                                    build/lcd.o
LCD_Fast_DrawPoint                                build/lcd.o
LCD_HVGA_NT35510                                  build/lcd.o
LCD_Init                                          build/lcd.o
                                                  build/main.o
LCD_RD_DATA                                       build/lcd.o
LCD_ReadPoint                                     build/lcd.o
LCD_ReadReg                                       build/lcd.o
LCD_Scan_Dir                                      build/lcd.o
LCD_SetCursor                                     build/lcd.o
LCD_ShowChar                                      build/lcd.o
LCD_ShowString                                    build/lcd.o
                                                  build/main.o
LCD_WR_DATA                                       build/lcd.o
LCD_WR_REG                                        build/lcd.o
LCD_WriteRAM                                      build/lcd.o
LCD_WriteRAM_Prepare                              build/lcd.o
LCD_WriteReg                                      build/lcd.o
LVD_IRQHandler                                    build/startup_gd32f450_470.o
LcdNT35510ReadID                                  build/lcd.o
MemManage_Handler                                 build/gd32f4xx_it.o
NMI_Handler                                       build/gd32f4xx_it.o
NT35510_HY35_Initial_Code                         build/lcd.o
POINT                                             build/main.o
POINT_COLOR                                       build/lcd.o
                                                  build/main.o
PendSV_Handler                                    build/gd32f4xx_it.o
RCU_CTC_IRQHandler                                build/startup_gd32f450_470.o
RTC_Alarm_IRQHandler                              build/startup_gd32f450_470.o
RTC_WKUP_IRQHandler                               build/startup_gd32f450_470.o
Reset_Handler                                     build/startup_gd32f450_470.o
SDIO_IRQHandler                                   build/startup_gd32f450_470.o
SPI0_IRQHandler                                   build/startup_gd32f450_470.o
SPI1_IRQHandler                                   build/startup_gd32f450_470.o
SPI2_IRQHandler                                   build/startup_gd32f450_470.o
SPI3_IRQHandler                                   build/startup_gd32f450_470.o
SPI4_IRQHandler                                   build/startup_gd32f450_470.o
SPI5_IRQHandler                                   build/startup_gd32f450_470.o
SVC_Handler                                       build/gd32f4xx_it.o
SysTick_Handler                                   build/gd32f4xx_it.o
SystemCoreClock                                   build/system_gd32f4xx.o
                                                  build/systick.o
SystemCoreClockUpdate                             build/system_gd32f4xx.o
SystemInit                                        build/system_gd32f4xx.o
                                                  build/startup_gd32f450_470.o
TAMPER_STAMP_IRQHandler                           build/startup_gd32f450_470.o
TIMER0_BRK_TIMER8_IRQHandler                      build/startup_gd32f450_470.o
TIMER0_Channel_IRQHandler                         build/startup_gd32f450_470.o
TIMER0_TRG_CMT_TIMER10_IRQHandler                 build/startup_gd32f450_470.o
TIMER0_UP_TIMER9_IRQHandler                       build/startup_gd32f450_470.o
TIMER1_IRQHandler                                 build/startup_gd32f450_470.o
TIMER2_IRQHandler                                 build/startup_gd32f450_470.o
TIMER3_IRQHandler                                 build/startup_gd32f450_470.o
TIMER4_IRQHandler                                 build/startup_gd32f450_470.o
TIMER5_DAC_IRQHandler                             build/startup_gd32f450_470.o
TIMER6_IRQHandler                                 build/startup_gd32f450_470.o
TIMER7_BRK_TIMER11_IRQHandler                     build/startup_gd32f450_470.o
TIMER7_Channel_IRQHandler                         build/startup_gd32f450_470.o
TIMER7_TRG_CMT_TIMER13_IRQHandler                 build/startup_gd32f450_470.o
TIMER7_UP_TIMER12_IRQHandler                      build/startup_gd32f450_470.o
TLI_ER_IRQHandler                                 build/startup_gd32f450_470.o
TLI_IRQHandler                                    build/startup_gd32f450_470.o
TRNG_IRQHandler                                   build/startup_gd32f450_470.o
UART3_IRQHandler                                  build/startup_gd32f450_470.o
UART4_IRQHandler                                  build/startup_gd32f450_470.o
UART6_IRQHandler                                  build/startup_gd32f450_470.o
UART7_IRQHandler                                  build/startup_gd32f450_470.o
USART0_IRQHandler                                 build/startup_gd32f450_470.o
USART1_IRQHandler                                 build/startup_gd32f450_470.o
USART2_IRQHandler                                 build/startup_gd32f450_470.o
USART5_IRQHandler                                 build/startup_gd32f450_470.o
USBFS_IRQHandler                                  build/startup_gd32f450_470.o
USBFS_WKUP_IRQHandler                             build/startup_gd32f450_470.o
USBHS_EP1_In_IRQHandler                           build/startup_gd32f450_470.o
USBHS_EP1_Out_IRQHandler                          build/startup_gd32f450_470.o
USBHS_IRQHandler                                  build/startup_gd32f450_470.o
USBHS_WKUP_IRQHandler                             build/startup_gd32f450_470.o
UsageFault_Handler                                build/gd32f4xx_it.o
WWDGT_IRQHandler                                  build/startup_gd32f450_470.o
_Balloc                                           /opt/arm-none-eabi/bin/../lib/gcc/arm-none-eabi/12.2.1/../../../../arm-none-eabi/lib/thumb/v7e-m/nofp/libc_nano.a(libc_a-mprec.o)
                                                  /opt/arm-none-eabi/bin/../lib/gcc/arm-none-eabi/12.2.1/../../../../arm-none-eabi/lib/thumb/v7e-m/nofp/libc_nano.a(libc_a-dtoa.o)
_Bfree                                            /opt/arm-none-eabi/bin/../lib/gcc/arm-none-eabi/12.2.1/../../../../arm-none-eabi/lib/thumb/v7e-m/nofp/libc_nano.a(libc_a-mprec.o)
                                                  /opt/arm-none-eabi/bin/../lib/gcc/arm-none-eabi/12.2.1/../../../../arm-none-eabi/lib/thumb/v7e-m/nofp/libc_nano.a(libc_a-dtoa.o)
_PathLocale                                       /opt/arm-none-eabi/bin/../lib/gcc/arm-none-eabi/12.2.1/../../../../arm-none-eabi/lib/thumb/v7e-m/nofp/libc_nano.a(libc_a-locale.o)
__adddf3                                          /opt/arm-none-eabi/bin/../lib/gcc/arm-none-eabi/12.2.1/thumb/v7e-m/nofp/libgcc.a(_arm_addsubdf3.o)
__aeabi_cdcmpeq                                   /opt/arm-none-eabi/bin/../lib/gcc/arm-none-eabi/12.2.1/thumb/v7e-m/nofp/libgcc.a(_arm_cmpdf2.o)
__aeabi_cdcmple                                   /opt/arm-none-eabi/bin/../lib/gcc/arm-none-eabi/12.2.1/thumb/v7e-m/nofp/libgcc.a(_arm_cmpdf2.o)
__aeabi_cdrcmple                                  /opt/arm-none-eabi/bin/../lib/gcc/arm-none-eabi/12.2.1/thumb/v7e-m/nofp/libgcc.a(_arm_cmpdf2.o)